  Determining projects to restore...
  All projects are up-to-date for restore.
C:\Users\xyooj\Documents\VS code project folder\SteamServerBuddyCS\SteamServerBuddy\Services\NotificationService.cs(13,99): warning CS8625: Cannot convert null literal to non-nullable reference type. [C:\Users\xyooj\Documents\VS code project folder\SteamServerBuddyCS\SteamServerBuddy\SteamServerBuddy_hgs3nn2j_wpftmp.csproj]
C:\Users\xyooj\Documents\VS code project folder\SteamServerBuddyCS\SteamServerBuddy\Services\ConfigService.cs(85,89): warning CS8625: Cannot convert null literal to non-nullable reference type. [C:\Users\xyooj\Documents\VS code project folder\SteamServerBuddyCS\SteamServerBuddy\SteamServerBuddy_hgs3nn2j_wpftmp.csproj]
C:\Users\xyooj\Documents\VS code project folder\SteamServerBuddyCS\SteamServerBuddy\Services\SystemMonitorService.cs(90,119): warning CS8625: Cannot convert null literal to non-nullable reference type. [C:\Users\xyooj\Documents\VS code project folder\SteamServerBuddyCS\SteamServerBuddy\SteamServerBuddy_hgs3nn2j_wpftmp.csproj]
C:\Users\xyooj\Documents\VS code project folder\SteamServerBuddyCS\SteamServerBuddy\Models\GameSchema.cs(78,23): warning CS8618: Non-nullable property 'Label' must contain a non-null value when exiting constructor. Consider adding the 'required' modifier or declaring the property as nullable. [C:\Users\xyooj\Documents\VS code project folder\SteamServerBuddyCS\SteamServerBuddy\SteamServerBuddy_hgs3nn2j_wpftmp.csproj]
C:\Users\xyooj\Documents\VS code project folder\SteamServerBuddyCS\SteamServerBuddy\Models\GameSchema.cs(81,23): warning CS8618: Non-nullable property 'Value' must contain a non-null value when exiting constructor. Consider adding the 'required' modifier or declaring the property as nullable. [C:\Users\xyooj\Documents\VS code project folder\SteamServerBuddyCS\SteamServerBuddy\SteamServerBuddy_hgs3nn2j_wpftmp.csproj]
C:\Users\xyooj\Documents\VS code project folder\SteamServerBuddyCS\SteamServerBuddy\Models\GameSchema.cs(9,23): warning CS8618: Non-nullable property 'AppId' must contain a non-null value when exiting constructor. Consider adding the 'required' modifier or declaring the property as nullable. [C:\Users\xyooj\Documents\VS code project folder\SteamServerBuddyCS\SteamServerBuddy\SteamServerBuddy_hgs3nn2j_wpftmp.csproj]
C:\Users\xyooj\Documents\VS code project folder\SteamServerBuddyCS\SteamServerBuddy\Models\GameSchema.cs(12,23): warning CS8618: Non-nullable property 'Name' must contain a non-null value when exiting constructor. Consider adding the 'required' modifier or declaring the property as nullable. [C:\Users\xyooj\Documents\VS code project folder\SteamServerBuddyCS\SteamServerBuddy\SteamServerBuddy_hgs3nn2j_wpftmp.csproj]
C:\Users\xyooj\Documents\VS code project folder\SteamServerBuddyCS\SteamServerBuddy\Models\GameSchema.cs(15,29): warning CS8618: Non-nullable property 'Executables' must contain a non-null value when exiting constructor. Consider adding the 'required' modifier or declaring the property as nullable. [C:\Users\xyooj\Documents\VS code project folder\SteamServerBuddyCS\SteamServerBuddy\SteamServerBuddy_hgs3nn2j_wpftmp.csproj]
C:\Users\xyooj\Documents\VS code project folder\SteamServerBuddyCS\SteamServerBuddy\Models\GameSchema.cs(18,29): warning CS8618: Non-nullable property 'LaunchArgs' must contain a non-null value when exiting constructor. Consider adding the 'required' modifier or declaring the property as nullable. [C:\Users\xyooj\Documents\VS code project folder\SteamServerBuddyCS\SteamServerBuddy\SteamServerBuddy_hgs3nn2j_wpftmp.csproj]
C:\Users\xyooj\Documents\VS code project folder\SteamServerBuddyCS\SteamServerBuddy\Models\GameSchema.cs(21,43): warning CS8618: Non-nullable property 'ConfigFiles' must contain a non-null value when exiting constructor. Consider adding the 'required' modifier or declaring the property as nullable. [C:\Users\xyooj\Documents\VS code project folder\SteamServerBuddyCS\SteamServerBuddy\SteamServerBuddy_hgs3nn2j_wpftmp.csproj]
C:\Users\xyooj\Documents\VS code project folder\SteamServerBuddyCS\SteamServerBuddy\Models\GameSchema.cs(27,23): warning CS8618: Non-nullable property 'Name' must contain a non-null value when exiting constructor. Consider adding the 'required' modifier or declaring the property as nullable. [C:\Users\xyooj\Documents\VS code project folder\SteamServerBuddyCS\SteamServerBuddy\SteamServerBuddy_hgs3nn2j_wpftmp.csproj]
C:\Users\xyooj\Documents\VS code project folder\SteamServerBuddyCS\SteamServerBuddy\Models\GameSchema.cs(30,23): warning CS8618: Non-nullable property 'Path' must contain a non-null value when exiting constructor. Consider adding the 'required' modifier or declaring the property as nullable. [C:\Users\xyooj\Documents\VS code project folder\SteamServerBuddyCS\SteamServerBuddy\SteamServerBuddy_hgs3nn2j_wpftmp.csproj]
C:\Users\xyooj\Documents\VS code project folder\SteamServerBuddyCS\SteamServerBuddy\Models\GameSchema.cs(33,23): warning CS8618: Non-nullable property 'Format' must contain a non-null value when exiting constructor. Consider adding the 'required' modifier or declaring the property as nullable. [C:\Users\xyooj\Documents\VS code project folder\SteamServerBuddyCS\SteamServerBuddy\SteamServerBuddy_hgs3nn2j_wpftmp.csproj]
C:\Users\xyooj\Documents\VS code project folder\SteamServerBuddyCS\SteamServerBuddy\Models\GameSchema.cs(36,23): warning CS8618: Non-nullable property 'Description' must contain a non-null value when exiting constructor. Consider adding the 'required' modifier or declaring the property as nullable. [C:\Users\xyooj\Documents\VS code project folder\SteamServerBuddyCS\SteamServerBuddy\SteamServerBuddy_hgs3nn2j_wpftmp.csproj]
C:\Users\xyooj\Documents\VS code project folder\SteamServerBuddyCS\SteamServerBuddy\Models\GameSchema.cs(39,38): warning CS8618: Non-nullable property 'Fields' must contain a non-null value when exiting constructor. Consider adding the 'required' modifier or declaring the property as nullable. [C:\Users\xyooj\Documents\VS code project folder\SteamServerBuddyCS\SteamServerBuddy\SteamServerBuddy_hgs3nn2j_wpftmp.csproj]
C:\Users\xyooj\Documents\VS code project folder\SteamServerBuddyCS\SteamServerBuddy\Services\AppSettingsService.cs(19,16): warning CS8618: Non-nullable field '_settings' must contain a non-null value when exiting constructor. Consider adding the 'required' modifier or declaring the field as nullable. [C:\Users\xyooj\Documents\VS code project folder\SteamServerBuddyCS\SteamServerBuddy\SteamServerBuddy_hgs3nn2j_wpftmp.csproj]
C:\Users\xyooj\Documents\VS code project folder\SteamServerBuddyCS\SteamServerBuddy\Models\GameSchema.cs(45,23): warning CS8618: Non-nullable property 'Key' must contain a non-null value when exiting constructor. Consider adding the 'required' modifier or declaring the property as nullable. [C:\Users\xyooj\Documents\VS code project folder\SteamServerBuddyCS\SteamServerBuddy\SteamServerBuddy_hgs3nn2j_wpftmp.csproj]
C:\Users\xyooj\Documents\VS code project folder\SteamServerBuddyCS\SteamServerBuddy\Models\GameSchema.cs(48,23): warning CS8618: Non-nullable property 'Label' must contain a non-null value when exiting constructor. Consider adding the 'required' modifier or declaring the property as nullable. [C:\Users\xyooj\Documents\VS code project folder\SteamServerBuddyCS\SteamServerBuddy\SteamServerBuddy_hgs3nn2j_wpftmp.csproj]
C:\Users\xyooj\Documents\VS code project folder\SteamServerBuddyCS\SteamServerBuddy\Models\GameSchema.cs(51,23): warning CS8618: Non-nullable property 'Type' must contain a non-null value when exiting constructor. Consider adding the 'required' modifier or declaring the property as nullable. [C:\Users\xyooj\Documents\VS code project folder\SteamServerBuddyCS\SteamServerBuddy\SteamServerBuddy_hgs3nn2j_wpftmp.csproj]
C:\Users\xyooj\Documents\VS code project folder\SteamServerBuddyCS\SteamServerBuddy\Models\GameSchema.cs(57,23): warning CS8618: Non-nullable property 'Description' must contain a non-null value when exiting constructor. Consider adding the 'required' modifier or declaring the property as nullable. [C:\Users\xyooj\Documents\VS code project folder\SteamServerBuddyCS\SteamServerBuddy\SteamServerBuddy_hgs3nn2j_wpftmp.csproj]
C:\Users\xyooj\Documents\VS code project folder\SteamServerBuddyCS\SteamServerBuddy\Models\GameSchema.cs(60,23): warning CS8618: Non-nullable property 'Default' must contain a non-null value when exiting constructor. Consider adding the 'required' modifier or declaring the property as nullable. [C:\Users\xyooj\Documents\VS code project folder\SteamServerBuddyCS\SteamServerBuddy\SteamServerBuddy_hgs3nn2j_wpftmp.csproj]
C:\Users\xyooj\Documents\VS code project folder\SteamServerBuddyCS\SteamServerBuddy\Models\GameSchema.cs(63,29): warning CS8618: Non-nullable property 'Options' must contain a non-null value when exiting constructor. Consider adding the 'required' modifier or declaring the property as nullable. [C:\Users\xyooj\Documents\VS code project folder\SteamServerBuddyCS\SteamServerBuddy\SteamServerBuddy_hgs3nn2j_wpftmp.csproj]
C:\Users\xyooj\Documents\VS code project folder\SteamServerBuddyCS\SteamServerBuddy\Converters\SettingsTemplateSelector.cs(9,29): warning CS8618: Non-nullable property 'TextTemplate' must contain a non-null value when exiting constructor. Consider adding the 'required' modifier or declaring the property as nullable. [C:\Users\xyooj\Documents\VS code project folder\SteamServerBuddyCS\SteamServerBuddy\SteamServerBuddy_hgs3nn2j_wpftmp.csproj]
C:\Users\xyooj\Documents\VS code project folder\SteamServerBuddyCS\SteamServerBuddy\Converters\SettingsTemplateSelector.cs(10,29): warning CS8618: Non-nullable property 'NumberTemplate' must contain a non-null value when exiting constructor. Consider adding the 'required' modifier or declaring the property as nullable. [C:\Users\xyooj\Documents\VS code project folder\SteamServerBuddyCS\SteamServerBuddy\SteamServerBuddy_hgs3nn2j_wpftmp.csproj]
C:\Users\xyooj\Documents\VS code project folder\SteamServerBuddyCS\SteamServerBuddy\Converters\SettingsTemplateSelector.cs(11,29): warning CS8618: Non-nullable property 'SelectFieldTemplate' must contain a non-null value when exiting constructor. Consider adding the 'required' modifier or declaring the property as nullable. [C:\Users\xyooj\Documents\VS code project folder\SteamServerBuddyCS\SteamServerBuddy\SteamServerBuddy_hgs3nn2j_wpftmp.csproj]
C:\Users\xyooj\Documents\VS code project folder\SteamServerBuddyCS\SteamServerBuddy\Converters\SettingsTemplateSelector.cs(12,29): warning CS8618: Non-nullable property 'ToggleTemplate' must contain a non-null value when exiting constructor. Consider adding the 'required' modifier or declaring the property as nullable. [C:\Users\xyooj\Documents\VS code project folder\SteamServerBuddyCS\SteamServerBuddy\SteamServerBuddy_hgs3nn2j_wpftmp.csproj]
C:\Users\xyooj\Documents\VS code project folder\SteamServerBuddyCS\SteamServerBuddy\Models\ServerInfo.cs(9,23): warning CS8618: Non-nullable property 'AppId' must contain a non-null value when exiting constructor. Consider adding the 'required' modifier or declaring the property as nullable. [C:\Users\xyooj\Documents\VS code project folder\SteamServerBuddyCS\SteamServerBuddy\SteamServerBuddy_hgs3nn2j_wpftmp.csproj]
C:\Users\xyooj\Documents\VS code project folder\SteamServerBuddyCS\SteamServerBuddy\Models\ServerInfo.cs(12,23): warning CS8618: Non-nullable property 'Name' must contain a non-null value when exiting constructor. Consider adding the 'required' modifier or declaring the property as nullable. [C:\Users\xyooj\Documents\VS code project folder\SteamServerBuddyCS\SteamServerBuddy\SteamServerBuddy_hgs3nn2j_wpftmp.csproj]
C:\Users\xyooj\Documents\VS code project folder\SteamServerBuddyCS\SteamServerBuddy\Models\ServerInfo.cs(15,23): warning CS8618: Non-nullable property 'InstallPath' must contain a non-null value when exiting constructor. Consider adding the 'required' modifier or declaring the property as nullable. [C:\Users\xyooj\Documents\VS code project folder\SteamServerBuddyCS\SteamServerBuddy\SteamServerBuddy_hgs3nn2j_wpftmp.csproj]
C:\Users\xyooj\Documents\VS code project folder\SteamServerBuddyCS\SteamServerBuddy\Models\ServerInfo.cs(30,23): warning CS8618: Non-nullable property 'DiscordWebhookUrl' must contain a non-null value when exiting constructor. Consider adding the 'required' modifier or declaring the property as nullable. [C:\Users\xyooj\Documents\VS code project folder\SteamServerBuddyCS\SteamServerBuddy\SteamServerBuddy_hgs3nn2j_wpftmp.csproj]
C:\Users\xyooj\Documents\VS code project folder\SteamServerBuddyCS\SteamServerBuddy\Models\ServerInfo.cs(36,23): warning CS8618: Non-nullable property 'WorkshopAppId' must contain a non-null value when exiting constructor. Consider adding the 'required' modifier or declaring the property as nullable. [C:\Users\xyooj\Documents\VS code project folder\SteamServerBuddyCS\SteamServerBuddy\SteamServerBuddy_hgs3nn2j_wpftmp.csproj]
C:\Users\xyooj\Documents\VS code project folder\SteamServerBuddyCS\SteamServerBuddy\Services\LogTailService.cs(30,20): warning CS8625: Cannot convert null literal to non-nullable reference type. [C:\Users\xyooj\Documents\VS code project folder\SteamServerBuddyCS\SteamServerBuddy\SteamServerBuddy_hgs3nn2j_wpftmp.csproj]
C:\Users\xyooj\Documents\VS code project folder\SteamServerBuddyCS\SteamServerBuddy\ViewModels\DashboardViewModel.cs(279,16): warning CS8618: Non-nullable field '_runningTime' must contain a non-null value when exiting constructor. Consider adding the 'required' modifier or declaring the field as nullable. [C:\Users\xyooj\Documents\VS code project folder\SteamServerBuddyCS\SteamServerBuddy\SteamServerBuddy_hgs3nn2j_wpftmp.csproj]
C:\Users\xyooj\Documents\VS code project folder\SteamServerBuddyCS\SteamServerBuddy\ViewModels\ConsoleViewModel.cs(26,16): warning CS8618: Non-nullable field '_serverName' must contain a non-null value when exiting constructor. Consider adding the 'required' modifier or declaring the field as nullable. [C:\Users\xyooj\Documents\VS code project folder\SteamServerBuddyCS\SteamServerBuddy\SteamServerBuddy_hgs3nn2j_wpftmp.csproj]
C:\Users\xyooj\Documents\VS code project folder\SteamServerBuddyCS\SteamServerBuddy\Services\WorkshopService.cs(13,23): warning CS8618: Non-nullable property 'PublishedFileId' must contain a non-null value when exiting constructor. Consider adding the 'required' modifier or declaring the property as nullable. [C:\Users\xyooj\Documents\VS code project folder\SteamServerBuddyCS\SteamServerBuddy\SteamServerBuddy_hgs3nn2j_wpftmp.csproj]
C:\Users\xyooj\Documents\VS code project folder\SteamServerBuddyCS\SteamServerBuddy\Services\WorkshopService.cs(14,23): warning CS8618: Non-nullable property 'Title' must contain a non-null value when exiting constructor. Consider adding the 'required' modifier or declaring the property as nullable. [C:\Users\xyooj\Documents\VS code project folder\SteamServerBuddyCS\SteamServerBuddy\SteamServerBuddy_hgs3nn2j_wpftmp.csproj]
C:\Users\xyooj\Documents\VS code project folder\SteamServerBuddyCS\SteamServerBuddy\Services\WorkshopService.cs(15,23): warning CS8618: Non-nullable property 'PreviewUrl' must contain a non-null value when exiting constructor. Consider adding the 'required' modifier or declaring the property as nullable. [C:\Users\xyooj\Documents\VS code project folder\SteamServerBuddyCS\SteamServerBuddy\SteamServerBuddy_hgs3nn2j_wpftmp.csproj]
C:\Users\xyooj\Documents\VS code project folder\SteamServerBuddyCS\SteamServerBuddy\Services\WorkshopService.cs(16,23): warning CS8618: Non-nullable property 'Author' must contain a non-null value when exiting constructor. Consider adding the 'required' modifier or declaring the property as nullable. [C:\Users\xyooj\Documents\VS code project folder\SteamServerBuddyCS\SteamServerBuddy\SteamServerBuddy_hgs3nn2j_wpftmp.csproj]
C:\Users\xyooj\Documents\VS code project folder\SteamServerBuddyCS\SteamServerBuddy\Services\WorkshopService.cs(17,23): warning CS8618: Non-nullable property 'Description' must contain a non-null value when exiting constructor. Consider adding the 'required' modifier or declaring the property as nullable. [C:\Users\xyooj\Documents\VS code project folder\SteamServerBuddyCS\SteamServerBuddy\SteamServerBuddy_hgs3nn2j_wpftmp.csproj]
C:\Users\xyooj\Documents\VS code project folder\SteamServerBuddyCS\SteamServerBuddy\Services\SystemMonitorService.cs(269,23): warning CS8618: Non-nullable property 'ProcessName' must contain a non-null value when exiting constructor. Consider adding the 'required' modifier or declaring the property as nullable. [C:\Users\xyooj\Documents\VS code project folder\SteamServerBuddyCS\SteamServerBuddy\SteamServerBuddy_hgs3nn2j_wpftmp.csproj]
C:\Users\xyooj\Documents\VS code project folder\SteamServerBuddyCS\SteamServerBuddy\Services\SystemMonitorService.cs(276,23): warning CS8618: Non-nullable property 'RunningTime' must contain a non-null value when exiting constructor. Consider adding the 'required' modifier or declaring the property as nullable. [C:\Users\xyooj\Documents\VS code project folder\SteamServerBuddyCS\SteamServerBuddy\SteamServerBuddy_hgs3nn2j_wpftmp.csproj]
C:\Users\xyooj\Documents\VS code project folder\SteamServerBuddyCS\SteamServerBuddy\Services\SystemMonitorService.cs(23,16): warning CS8618: Non-nullable field '_cpuCounter' must contain a non-null value when exiting constructor. Consider adding the 'required' modifier or declaring the field as nullable. [C:\Users\xyooj\Documents\VS code project folder\SteamServerBuddyCS\SteamServerBuddy\SteamServerBuddy_hgs3nn2j_wpftmp.csproj]
C:\Users\xyooj\Documents\VS code project folder\SteamServerBuddyCS\SteamServerBuddy\Services\SystemMonitorService.cs(23,16): warning CS8618: Non-nullable field '_ramCounter' must contain a non-null value when exiting constructor. Consider adding the 'required' modifier or declaring the field as nullable. [C:\Users\xyooj\Documents\VS code project folder\SteamServerBuddyCS\SteamServerBuddy\SteamServerBuddy_hgs3nn2j_wpftmp.csproj]
C:\Users\xyooj\Documents\VS code project folder\SteamServerBuddyCS\SteamServerBuddy\Services\ConfigService.cs(91,24): warning CS8603: Possible null reference return. [C:\Users\xyooj\Documents\VS code project folder\SteamServerBuddyCS\SteamServerBuddy\SteamServerBuddy_hgs3nn2j_wpftmp.csproj]
C:\Users\xyooj\Documents\VS code project folder\SteamServerBuddyCS\SteamServerBuddy\Services\ConfigService.cs(99,24): warning CS8603: Possible null reference return. [C:\Users\xyooj\Documents\VS code project folder\SteamServerBuddyCS\SteamServerBuddy\SteamServerBuddy_hgs3nn2j_wpftmp.csproj]
C:\Users\xyooj\Documents\VS code project folder\SteamServerBuddyCS\SteamServerBuddy\Services\ConfigService.cs(108,20): warning CS8603: Possible null reference return. [C:\Users\xyooj\Documents\VS code project folder\SteamServerBuddyCS\SteamServerBuddy\SteamServerBuddy_hgs3nn2j_wpftmp.csproj]
C:\Users\xyooj\Documents\VS code project folder\SteamServerBuddyCS\SteamServerBuddy\Services\SteamCMDService.cs(50,20): warning CS8603: Possible null reference return. [C:\Users\xyooj\Documents\VS code project folder\SteamServerBuddyCS\SteamServerBuddy\SteamServerBuddy_hgs3nn2j_wpftmp.csproj]
C:\Users\xyooj\Documents\VS code project folder\SteamServerBuddyCS\SteamServerBuddy\ViewModels\ServerDetailViewModel.cs(74,16): warning CS8618: Non-nullable field '_searchQuery' must contain a non-null value when exiting constructor. Consider adding the 'required' modifier or declaring the field as nullable. [C:\Users\xyooj\Documents\VS code project folder\SteamServerBuddyCS\SteamServerBuddy\SteamServerBuddy_hgs3nn2j_wpftmp.csproj]
C:\Users\xyooj\Documents\VS code project folder\SteamServerBuddyCS\SteamServerBuddy\ViewModels\ServerDetailViewModel.cs(74,16): warning CS8618: Non-nullable field '_serverName' must contain a non-null value when exiting constructor. Consider adding the 'required' modifier or declaring the field as nullable. [C:\Users\xyooj\Documents\VS code project folder\SteamServerBuddyCS\SteamServerBuddy\SteamServerBuddy_hgs3nn2j_wpftmp.csproj]
C:\Users\xyooj\Documents\VS code project folder\SteamServerBuddyCS\SteamServerBuddy\ViewModels\ServerDetailViewModel.cs(74,16): warning CS8618: Non-nullable field '_appId' must contain a non-null value when exiting constructor. Consider adding the 'required' modifier or declaring the field as nullable. [C:\Users\xyooj\Documents\VS code project folder\SteamServerBuddyCS\SteamServerBuddy\SteamServerBuddy_hgs3nn2j_wpftmp.csproj]
C:\Users\xyooj\Documents\VS code project folder\SteamServerBuddyCS\SteamServerBuddy\ViewModels\ServerDetailViewModel.cs(74,16): warning CS8618: Non-nullable field '_currentServer' must contain a non-null value when exiting constructor. Consider adding the 'required' modifier or declaring the field as nullable. [C:\Users\xyooj\Documents\VS code project folder\SteamServerBuddyCS\SteamServerBuddy\SteamServerBuddy_hgs3nn2j_wpftmp.csproj]
C:\Users\xyooj\Documents\VS code project folder\SteamServerBuddyCS\SteamServerBuddy\ViewModels\SettingsViewModel.cs(38,78): warning CS8622: Nullability of reference types in type of parameter 'group' of 'void SettingsViewModel.OpenFileLocation(ConfigGroupViewModel group)' doesn't match the target delegate 'Action<ConfigGroupViewModel?>' (possibly because of nullability attributes). [C:\Users\xyooj\Documents\VS code project folder\SteamServerBuddyCS\SteamServerBuddy\SteamServerBuddy_hgs3nn2j_wpftmp.csproj]
C:\Users\xyooj\Documents\VS code project folder\SteamServerBuddyCS\SteamServerBuddy\ViewModels\SettingsViewModel.cs(39,75): warning CS8622: Nullability of reference types in type of parameter 'group' of 'void SettingsViewModel.OpenInNotepad(ConfigGroupViewModel group)' doesn't match the target delegate 'Action<ConfigGroupViewModel?>' (possibly because of nullability attributes). [C:\Users\xyooj\Documents\VS code project folder\SteamServerBuddyCS\SteamServerBuddy\SteamServerBuddy_hgs3nn2j_wpftmp.csproj]
C:\Users\xyooj\Documents\VS code project folder\SteamServerBuddyCS\SteamServerBuddy\ViewModels\SettingsViewModel.cs(34,16): warning CS8618: Non-nullable field '_serverName' must contain a non-null value when exiting constructor. Consider adding the 'required' modifier or declaring the field as nullable. [C:\Users\xyooj\Documents\VS code project folder\SteamServerBuddyCS\SteamServerBuddy\SteamServerBuddy_hgs3nn2j_wpftmp.csproj]
C:\Users\xyooj\Documents\VS code project folder\SteamServerBuddyCS\SteamServerBuddy\ViewModels\SettingsViewModel.cs(34,16): warning CS8618: Non-nullable field '_appId' must contain a non-null value when exiting constructor. Consider adding the 'required' modifier or declaring the field as nullable. [C:\Users\xyooj\Documents\VS code project folder\SteamServerBuddyCS\SteamServerBuddy\SteamServerBuddy_hgs3nn2j_wpftmp.csproj]
C:\Users\xyooj\Documents\VS code project folder\SteamServerBuddyCS\SteamServerBuddy\ViewModels\SettingsViewModel.cs(34,16): warning CS8618: Non-nullable field '_statusMessage' must contain a non-null value when exiting constructor. Consider adding the 'required' modifier or declaring the field as nullable. [C:\Users\xyooj\Documents\VS code project folder\SteamServerBuddyCS\SteamServerBuddy\SteamServerBuddy_hgs3nn2j_wpftmp.csproj]
C:\Users\xyooj\Documents\VS code project folder\SteamServerBuddyCS\SteamServerBuddy\ViewModels\SettingsViewModel.cs(34,16): warning CS8618: Non-nullable field '_schema' must contain a non-null value when exiting constructor. Consider adding the 'required' modifier or declaring the field as nullable. [C:\Users\xyooj\Documents\VS code project folder\SteamServerBuddyCS\SteamServerBuddy\SteamServerBuddy_hgs3nn2j_wpftmp.csproj]
C:\Users\xyooj\Documents\VS code project folder\SteamServerBuddyCS\SteamServerBuddy\ViewModels\SettingsViewModel.cs(34,16): warning CS8618: Non-nullable field '_serverPath' must contain a non-null value when exiting constructor. Consider adding the 'required' modifier or declaring the field as nullable. [C:\Users\xyooj\Documents\VS code project folder\SteamServerBuddyCS\SteamServerBuddy\SteamServerBuddy_hgs3nn2j_wpftmp.csproj]
C:\Users\xyooj\Documents\VS code project folder\SteamServerBuddyCS\SteamServerBuddy\Services\WorkshopService.cs(43,47): warning CS8601: Possible null reference assignment. [C:\Users\xyooj\Documents\VS code project folder\SteamServerBuddyCS\SteamServerBuddy\SteamServerBuddy_hgs3nn2j_wpftmp.csproj]
C:\Users\xyooj\Documents\VS code project folder\SteamServerBuddyCS\SteamServerBuddy\Services\WorkshopService.cs(44,37): warning CS8601: Possible null reference assignment. [C:\Users\xyooj\Documents\VS code project folder\SteamServerBuddyCS\SteamServerBuddy\SteamServerBuddy_hgs3nn2j_wpftmp.csproj]
C:\Users\xyooj\Documents\VS code project folder\SteamServerBuddyCS\SteamServerBuddy\Services\WorkshopService.cs(45,42): warning CS8601: Possible null reference assignment. [C:\Users\xyooj\Documents\VS code project folder\SteamServerBuddyCS\SteamServerBuddy\SteamServerBuddy_hgs3nn2j_wpftmp.csproj]
C:\Users\xyooj\Documents\VS code project folder\SteamServerBuddyCS\SteamServerBuddy\ViewModels\ServerDetailViewModel.cs(106,13): warning CS4014: Because this call is not awaited, execution of the current method continues before the call is completed. Consider applying the 'await' operator to the result of the call. [C:\Users\xyooj\Documents\VS code project folder\SteamServerBuddyCS\SteamServerBuddy\SteamServerBuddy_hgs3nn2j_wpftmp.csproj]
C:\Users\xyooj\Documents\VS code project folder\SteamServerBuddyCS\SteamServerBuddy\ViewModels\ServerDetailViewModel.cs(108,13): warning CS4014: Because this call is not awaited, execution of the current method continues before the call is completed. Consider applying the 'await' operator to the result of the call. [C:\Users\xyooj\Documents\VS code project folder\SteamServerBuddyCS\SteamServerBuddy\SteamServerBuddy_hgs3nn2j_wpftmp.csproj]
C:\Users\xyooj\Documents\VS code project folder\SteamServerBuddyCS\SteamServerBuddy\ViewModels\ServerDetailViewModel.cs(109,13): warning CS4014: Because this call is not awaited, execution of the current method continues before the call is completed. Consider applying the 'await' operator to the result of the call. [C:\Users\xyooj\Documents\VS code project folder\SteamServerBuddyCS\SteamServerBuddy\SteamServerBuddy_hgs3nn2j_wpftmp.csproj]
C:\Users\xyooj\Documents\VS code project folder\SteamServerBuddyCS\SteamServerBuddy\ViewModels\SettingsViewModel.cs(147,23): warning CS8618: Non-nullable property 'FileName' must contain a non-null value when exiting constructor. Consider adding the 'required' modifier or declaring the property as nullable. [C:\Users\xyooj\Documents\VS code project folder\SteamServerBuddyCS\SteamServerBuddy\SteamServerBuddy_hgs3nn2j_wpftmp.csproj]
C:\Users\xyooj\Documents\VS code project folder\SteamServerBuddyCS\SteamServerBuddy\ViewModels\SettingsViewModel.cs(148,23): warning CS8618: Non-nullable property 'FullPath' must contain a non-null value when exiting constructor. Consider adding the 'required' modifier or declaring the property as nullable. [C:\Users\xyooj\Documents\VS code project folder\SteamServerBuddyCS\SteamServerBuddy\SteamServerBuddy_hgs3nn2j_wpftmp.csproj]
C:\Users\xyooj\Documents\VS code project folder\SteamServerBuddyCS\SteamServerBuddy\Services\BackupService.cs(12,23): warning CS8618: Non-nullable property 'Name' must contain a non-null value when exiting constructor. Consider adding the 'required' modifier or declaring the property as nullable. [C:\Users\xyooj\Documents\VS code project folder\SteamServerBuddyCS\SteamServerBuddy\SteamServerBuddy_hgs3nn2j_wpftmp.csproj]
C:\Users\xyooj\Documents\VS code project folder\SteamServerBuddyCS\SteamServerBuddy\Services\BackupService.cs(13,23): warning CS8618: Non-nullable property 'FullPath' must contain a non-null value when exiting constructor. Consider adding the 'required' modifier or declaring the property as nullable. [C:\Users\xyooj\Documents\VS code project folder\SteamServerBuddyCS\SteamServerBuddy\SteamServerBuddy_hgs3nn2j_wpftmp.csproj]
C:\Users\xyooj\Documents\VS code project folder\SteamServerBuddyCS\SteamServerBuddy\Services\LogTailService.cs(11,24): warning CS8618: Non-nullable field '_filePath' must contain a non-null value when exiting constructor. Consider adding the 'required' modifier or declaring the field as nullable. [C:\Users\xyooj\Documents\VS code project folder\SteamServerBuddyCS\SteamServerBuddy\SteamServerBuddy_hgs3nn2j_wpftmp.csproj]
C:\Users\xyooj\Documents\VS code project folder\SteamServerBuddyCS\SteamServerBuddy\Services\LogTailService.cs(12,32): warning CS8618: Non-nullable field '_onLine' must contain a non-null value when exiting constructor. Consider adding the 'required' modifier or declaring the field as nullable. [C:\Users\xyooj\Documents\VS code project folder\SteamServerBuddyCS\SteamServerBuddy\SteamServerBuddy_hgs3nn2j_wpftmp.csproj]
C:\Users\xyooj\Documents\VS code project folder\SteamServerBuddyCS\SteamServerBuddy\Services\LogTailService.cs(13,41): warning CS8618: Non-nullable field '_cts' must contain a non-null value when exiting constructor. Consider adding the 'required' modifier or declaring the field as nullable. [C:\Users\xyooj\Documents\VS code project folder\SteamServerBuddyCS\SteamServerBuddy\SteamServerBuddy_hgs3nn2j_wpftmp.csproj]
C:\Users\xyooj\Documents\VS code project folder\SteamServerBuddyCS\SteamServerBuddy\ViewModels\DashboardViewModel.cs(122,61): error CS0117: 'Globals' does not contain a definition for 'Settings' [C:\Users\xyooj\Documents\VS code project folder\SteamServerBuddyCS\SteamServerBuddy\SteamServerBuddy_hgs3nn2j_wpftmp.csproj]
C:\Users\xyooj\Documents\VS code project folder\SteamServerBuddyCS\SteamServerBuddy\ViewModels\SettingsViewModel.cs(239,30): warning CS8601: Possible null reference assignment. [C:\Users\xyooj\Documents\VS code project folder\SteamServerBuddyCS\SteamServerBuddy\SteamServerBuddy_hgs3nn2j_wpftmp.csproj]
C:\Users\xyooj\Documents\VS code project folder\SteamServerBuddyCS\SteamServerBuddy\ViewModels\SettingsViewModel.cs(168,16): warning CS8618: Non-nullable property 'Options' must contain a non-null value when exiting constructor. Consider adding the 'required' modifier or declaring the property as nullable. [C:\Users\xyooj\Documents\VS code project folder\SteamServerBuddyCS\SteamServerBuddy\SteamServerBuddy_hgs3nn2j_wpftmp.csproj]
C:\Users\xyooj\Documents\VS code project folder\SteamServerBuddyCS\SteamServerBuddy\ViewModels\SettingsViewModel.cs(168,16): warning CS8618: Non-nullable field '_value' must contain a non-null value when exiting constructor. Consider adding the 'required' modifier or declaring the field as nullable. [C:\Users\xyooj\Documents\VS code project folder\SteamServerBuddyCS\SteamServerBuddy\SteamServerBuddy_hgs3nn2j_wpftmp.csproj]
C:\Users\xyooj\Documents\VS code project folder\SteamServerBuddyCS\SteamServerBuddy\ViewModels\ServersViewModel.cs(200,59): warning CS8603: Possible null reference return. [C:\Users\xyooj\Documents\VS code project folder\SteamServerBuddyCS\SteamServerBuddy\SteamServerBuddy_hgs3nn2j_wpftmp.csproj]
C:\Users\xyooj\Documents\VS code project folder\SteamServerBuddyCS\SteamServerBuddy\ViewModels\ServersViewModel.cs(207,21): warning CS8603: Possible null reference return. [C:\Users\xyooj\Documents\VS code project folder\SteamServerBuddyCS\SteamServerBuddy\SteamServerBuddy_hgs3nn2j_wpftmp.csproj]
C:\Users\xyooj\Documents\VS code project folder\SteamServerBuddyCS\SteamServerBuddy\Services\WorkshopService.cs(92,48): warning CS8601: Possible null reference assignment. [C:\Users\xyooj\Documents\VS code project folder\SteamServerBuddyCS\SteamServerBuddy\SteamServerBuddy_hgs3nn2j_wpftmp.csproj]
C:\Users\xyooj\Documents\VS code project folder\SteamServerBuddyCS\SteamServerBuddy\Services\WorkshopService.cs(93,38): warning CS8601: Possible null reference assignment. [C:\Users\xyooj\Documents\VS code project folder\SteamServerBuddyCS\SteamServerBuddy\SteamServerBuddy_hgs3nn2j_wpftmp.csproj]
C:\Users\xyooj\Documents\VS code project folder\SteamServerBuddyCS\SteamServerBuddy\Services\WorkshopService.cs(94,43): warning CS8601: Possible null reference assignment. [C:\Users\xyooj\Documents\VS code project folder\SteamServerBuddyCS\SteamServerBuddy\SteamServerBuddy_hgs3nn2j_wpftmp.csproj]
C:\Users\xyooj\Documents\VS code project folder\SteamServerBuddyCS\SteamServerBuddy\Services\SteamWebAPIService.cs(99,65): warning CS8602: Dereference of a possibly null reference. [C:\Users\xyooj\Documents\VS code project folder\SteamServerBuddyCS\SteamServerBuddy\SteamServerBuddy_hgs3nn2j_wpftmp.csproj]
C:\Users\xyooj\Documents\VS code project folder\SteamServerBuddyCS\SteamServerBuddy\Services\SteamWebAPIService.cs(101,48): warning CS8602: Dereference of a possibly null reference. [C:\Users\xyooj\Documents\VS code project folder\SteamServerBuddyCS\SteamServerBuddy\SteamServerBuddy_hgs3nn2j_wpftmp.csproj]
C:\Users\xyooj\Documents\VS code project folder\SteamServerBuddyCS\SteamServerBuddy\Services\SteamWebAPIService.cs(101,48): warning CS8602: Dereference of a possibly null reference. [C:\Users\xyooj\Documents\VS code project folder\SteamServerBuddyCS\SteamServerBuddy\SteamServerBuddy_hgs3nn2j_wpftmp.csproj]
C:\Users\xyooj\Documents\VS code project folder\SteamServerBuddyCS\SteamServerBuddy\Services\SteamWebAPIService.cs(101,48): warning CS8602: Dereference of a possibly null reference. [C:\Users\xyooj\Documents\VS code project folder\SteamServerBuddyCS\SteamServerBuddy\SteamServerBuddy_hgs3nn2j_wpftmp.csproj]
C:\Users\xyooj\Documents\VS code project folder\SteamServerBuddyCS\SteamServerBuddy\ViewModels\ServerDetailViewModel.cs(175,56): warning CS8603: Possible null reference return. [C:\Users\xyooj\Documents\VS code project folder\SteamServerBuddyCS\SteamServerBuddy\SteamServerBuddy_hgs3nn2j_wpftmp.csproj]
C:\Users\xyooj\Documents\VS code project folder\SteamServerBuddyCS\SteamServerBuddy\ViewModels\ServerDetailViewModel.cs(187,20): warning CS8603: Possible null reference return. [C:\Users\xyooj\Documents\VS code project folder\SteamServerBuddyCS\SteamServerBuddy\SteamServerBuddy_hgs3nn2j_wpftmp.csproj]
C:\Users\xyooj\Documents\VS code project folder\SteamServerBuddyCS\SteamServerBuddy\Services\ProcessManager.cs(213,20): warning CS8603: Possible null reference return. [C:\Users\xyooj\Documents\VS code project folder\SteamServerBuddyCS\SteamServerBuddy\SteamServerBuddy_hgs3nn2j_wpftmp.csproj]
C:\Users\xyooj\Documents\VS code project folder\SteamServerBuddyCS\SteamServerBuddy\ViewModels\DashboardViewModel.cs(201,20): warning CS8603: Possible null reference return. [C:\Users\xyooj\Documents\VS code project folder\SteamServerBuddyCS\SteamServerBuddy\SteamServerBuddy_hgs3nn2j_wpftmp.csproj]
C:\Users\xyooj\Documents\VS code project folder\SteamServerBuddyCS\SteamServerBuddy\Services\SystemMonitorService.cs(98,35): warning CS8600: Converting null literal or possible null value to non-nullable type. [C:\Users\xyooj\Documents\VS code project folder\SteamServerBuddyCS\SteamServerBuddy\SteamServerBuddy_hgs3nn2j_wpftmp.csproj]
C:\Users\xyooj\Documents\VS code project folder\SteamServerBuddyCS\SteamServerBuddy\Services\SystemMonitorService.cs(101,43): warning CS8604: Possible null reference argument for parameter 'driveName' in 'DriveInfo.DriveInfo(string driveName)'. [C:\Users\xyooj\Documents\VS code project folder\SteamServerBuddyCS\SteamServerBuddy\SteamServerBuddy_hgs3nn2j_wpftmp.csproj]
C:\Users\xyooj\Documents\VS code project folder\SteamServerBuddyCS\SteamServerBuddy\Services\SteamCMDService.cs(171,17): warning CS8602: Dereference of a possibly null reference. [C:\Users\xyooj\Documents\VS code project folder\SteamServerBuddyCS\SteamServerBuddy\SteamServerBuddy_hgs3nn2j_wpftmp.csproj]
C:\Users\xyooj\Documents\VS code project folder\SteamServerBuddyCS\SteamServerBuddy\Services\SystemMonitorService.cs(178,24): warning CS8603: Possible null reference return. [C:\Users\xyooj\Documents\VS code project folder\SteamServerBuddyCS\SteamServerBuddy\SteamServerBuddy_hgs3nn2j_wpftmp.csproj]
C:\Users\xyooj\Documents\VS code project folder\SteamServerBuddyCS\SteamServerBuddy\Services\SteamWebAPIService.cs(151,48): warning CS8602: Dereference of a possibly null reference. [C:\Users\xyooj\Documents\VS code project folder\SteamServerBuddyCS\SteamServerBuddy\SteamServerBuddy_hgs3nn2j_wpftmp.csproj]
C:\Users\xyooj\Documents\VS code project folder\SteamServerBuddyCS\SteamServerBuddy\Services\SteamWebAPIService.cs(153,32): warning CS8602: Dereference of a possibly null reference. [C:\Users\xyooj\Documents\VS code project folder\SteamServerBuddyCS\SteamServerBuddy\SteamServerBuddy_hgs3nn2j_wpftmp.csproj]
C:\Users\xyooj\Documents\VS code project folder\SteamServerBuddyCS\SteamServerBuddy\Services\SteamWebAPIService.cs(153,32): warning CS8602: Dereference of a possibly null reference. [C:\Users\xyooj\Documents\VS code project folder\SteamServerBuddyCS\SteamServerBuddy\SteamServerBuddy_hgs3nn2j_wpftmp.csproj]
C:\Users\xyooj\Documents\VS code project folder\SteamServerBuddyCS\SteamServerBuddy\Services\SteamWebAPIService.cs(153,32): warning CS8602: Dereference of a possibly null reference. [C:\Users\xyooj\Documents\VS code project folder\SteamServerBuddyCS\SteamServerBuddy\SteamServerBuddy_hgs3nn2j_wpftmp.csproj]
C:\Users\xyooj\Documents\VS code project folder\SteamServerBuddyCS\SteamServerBuddy\Services\ProcessManager.cs(219,56): warning CS8603: Possible null reference return. [C:\Users\xyooj\Documents\VS code project folder\SteamServerBuddyCS\SteamServerBuddy\SteamServerBuddy_hgs3nn2j_wpftmp.csproj]
C:\Users\xyooj\Documents\VS code project folder\SteamServerBuddyCS\SteamServerBuddy\Services\ProcessManager.cs(231,20): warning CS8603: Possible null reference return. [C:\Users\xyooj\Documents\VS code project folder\SteamServerBuddyCS\SteamServerBuddy\SteamServerBuddy_hgs3nn2j_wpftmp.csproj]
C:\Users\xyooj\Documents\VS code project folder\SteamServerBuddyCS\SteamServerBuddy\Services\SystemMonitorService.cs(184,62): warning CS8603: Possible null reference return. [C:\Users\xyooj\Documents\VS code project folder\SteamServerBuddyCS\SteamServerBuddy\SteamServerBuddy_hgs3nn2j_wpftmp.csproj]
C:\Users\xyooj\Documents\VS code project folder\SteamServerBuddyCS\SteamServerBuddy\Services\SystemMonitorService.cs(224,24): warning CS8603: Possible null reference return. [C:\Users\xyooj\Documents\VS code project folder\SteamServerBuddyCS\SteamServerBuddy\SteamServerBuddy_hgs3nn2j_wpftmp.csproj]
C:\Users\xyooj\Documents\VS code project folder\SteamServerBuddyCS\SteamServerBuddy\Services\SteamWebAPIService.cs(247,56): warning CS8603: Possible null reference return. [C:\Users\xyooj\Documents\VS code project folder\SteamServerBuddyCS\SteamServerBuddy\SteamServerBuddy_hgs3nn2j_wpftmp.csproj]
C:\Users\xyooj\Documents\VS code project folder\SteamServerBuddyCS\SteamServerBuddy\Services\SteamWebAPIService.cs(269,20): warning CS8603: Possible null reference return. [C:\Users\xyooj\Documents\VS code project folder\SteamServerBuddyCS\SteamServerBuddy\SteamServerBuddy_hgs3nn2j_wpftmp.csproj]
C:\Users\xyooj\Documents\VS code project folder\SteamServerBuddyCS\SteamServerBuddy\Services\ConfigService.cs(255,76): warning CS8601: Possible null reference assignment. [C:\Users\xyooj\Documents\VS code project folder\SteamServerBuddyCS\SteamServerBuddy\SteamServerBuddy_hgs3nn2j_wpftmp.csproj]
C:\Users\xyooj\Documents\VS code project folder\SteamServerBuddyCS\SteamServerBuddy\Services\ConfigService.cs(322,83): warning CS8604: Possible null reference argument for parameter 'path' in 'DirectoryInfo Directory.CreateDirectory(string path)'. [C:\Users\xyooj\Documents\VS code project folder\SteamServerBuddyCS\SteamServerBuddy\SteamServerBuddy_hgs3nn2j_wpftmp.csproj]
C:\Users\xyooj\Documents\VS code project folder\SteamServerBuddyCS\SteamServerBuddy\Services\ConfigService.cs(335,41): warning CS8602: Dereference of a possibly null reference. [C:\Users\xyooj\Documents\VS code project folder\SteamServerBuddyCS\SteamServerBuddy\SteamServerBuddy_hgs3nn2j_wpftmp.csproj]
C:\Users\xyooj\Documents\VS code project folder\SteamServerBuddyCS\SteamServerBuddy\Services\ConfigService.cs(339,47): warning CS8600: Converting null literal or possible null value to non-nullable type. [C:\Users\xyooj\Documents\VS code project folder\SteamServerBuddyCS\SteamServerBuddy\SteamServerBuddy_hgs3nn2j_wpftmp.csproj]
C:\Users\xyooj\Documents\VS code project folder\SteamServerBuddyCS\SteamServerBuddy\Services\ConfigService.cs(341,33): warning CS8602: Dereference of a possibly null reference. [C:\Users\xyooj\Documents\VS code project folder\SteamServerBuddyCS\SteamServerBuddy\SteamServerBuddy_hgs3nn2j_wpftmp.csproj]
C:\Users\xyooj\Documents\VS code project folder\SteamServerBuddyCS\SteamServerBuddy\Services\ConfigService.cs(381,83): warning CS8604: Possible null reference argument for parameter 'path' in 'DirectoryInfo Directory.CreateDirectory(string path)'. [C:\Users\xyooj\Documents\VS code project folder\SteamServerBuddyCS\SteamServerBuddy\SteamServerBuddy_hgs3nn2j_wpftmp.csproj]
C:\Users\xyooj\Documents\VS code project folder\SteamServerBuddyCS\SteamServerBuddy\Services\ConfigService.cs(420,83): warning CS8604: Possible null reference argument for parameter 'path' in 'DirectoryInfo Directory.CreateDirectory(string path)'. [C:\Users\xyooj\Documents\VS code project folder\SteamServerBuddyCS\SteamServerBuddy\SteamServerBuddy_hgs3nn2j_wpftmp.csproj]

Build FAILED.

C:\Users\xyooj\Documents\VS code project folder\SteamServerBuddyCS\SteamServerBuddy\Services\NotificationService.cs(13,99): warning CS8625: Cannot convert null literal to non-nullable reference type. [C:\Users\xyooj\Documents\VS code project folder\SteamServerBuddyCS\SteamServerBuddy\SteamServerBuddy_hgs3nn2j_wpftmp.csproj]
C:\Users\xyooj\Documents\VS code project folder\SteamServerBuddyCS\SteamServerBuddy\Services\ConfigService.cs(85,89): warning CS8625: Cannot convert null literal to non-nullable reference type. [C:\Users\xyooj\Documents\VS code project folder\SteamServerBuddyCS\SteamServerBuddy\SteamServerBuddy_hgs3nn2j_wpftmp.csproj]
C:\Users\xyooj\Documents\VS code project folder\SteamServerBuddyCS\SteamServerBuddy\Services\SystemMonitorService.cs(90,119): warning CS8625: Cannot convert null literal to non-nullable reference type. [C:\Users\xyooj\Documents\VS code project folder\SteamServerBuddyCS\SteamServerBuddy\SteamServerBuddy_hgs3nn2j_wpftmp.csproj]
C:\Users\xyooj\Documents\VS code project folder\SteamServerBuddyCS\SteamServerBuddy\Models\GameSchema.cs(78,23): warning CS8618: Non-nullable property 'Label' must contain a non-null value when exiting constructor. Consider adding the 'required' modifier or declaring the property as nullable. [C:\Users\xyooj\Documents\VS code project folder\SteamServerBuddyCS\SteamServerBuddy\SteamServerBuddy_hgs3nn2j_wpftmp.csproj]
C:\Users\xyooj\Documents\VS code project folder\SteamServerBuddyCS\SteamServerBuddy\Models\GameSchema.cs(81,23): warning CS8618: Non-nullable property 'Value' must contain a non-null value when exiting constructor. Consider adding the 'required' modifier or declaring the property as nullable. [C:\Users\xyooj\Documents\VS code project folder\SteamServerBuddyCS\SteamServerBuddy\SteamServerBuddy_hgs3nn2j_wpftmp.csproj]
C:\Users\xyooj\Documents\VS code project folder\SteamServerBuddyCS\SteamServerBuddy\Models\GameSchema.cs(9,23): warning CS8618: Non-nullable property 'AppId' must contain a non-null value when exiting constructor. Consider adding the 'required' modifier or declaring the property as nullable. [C:\Users\xyooj\Documents\VS code project folder\SteamServerBuddyCS\SteamServerBuddy\SteamServerBuddy_hgs3nn2j_wpftmp.csproj]
C:\Users\xyooj\Documents\VS code project folder\SteamServerBuddyCS\SteamServerBuddy\Models\GameSchema.cs(12,23): warning CS8618: Non-nullable property 'Name' must contain a non-null value when exiting constructor. Consider adding the 'required' modifier or declaring the property as nullable. [C:\Users\xyooj\Documents\VS code project folder\SteamServerBuddyCS\SteamServerBuddy\SteamServerBuddy_hgs3nn2j_wpftmp.csproj]
C:\Users\xyooj\Documents\VS code project folder\SteamServerBuddyCS\SteamServerBuddy\Models\GameSchema.cs(15,29): warning CS8618: Non-nullable property 'Executables' must contain a non-null value when exiting constructor. Consider adding the 'required' modifier or declaring the property as nullable. [C:\Users\xyooj\Documents\VS code project folder\SteamServerBuddyCS\SteamServerBuddy\SteamServerBuddy_hgs3nn2j_wpftmp.csproj]
C:\Users\xyooj\Documents\VS code project folder\SteamServerBuddyCS\SteamServerBuddy\Models\GameSchema.cs(18,29): warning CS8618: Non-nullable property 'LaunchArgs' must contain a non-null value when exiting constructor. Consider adding the 'required' modifier or declaring the property as nullable. [C:\Users\xyooj\Documents\VS code project folder\SteamServerBuddyCS\SteamServerBuddy\SteamServerBuddy_hgs3nn2j_wpftmp.csproj]
C:\Users\xyooj\Documents\VS code project folder\SteamServerBuddyCS\SteamServerBuddy\Models\GameSchema.cs(21,43): warning CS8618: Non-nullable property 'ConfigFiles' must contain a non-null value when exiting constructor. Consider adding the 'required' modifier or declaring the property as nullable. [C:\Users\xyooj\Documents\VS code project folder\SteamServerBuddyCS\SteamServerBuddy\SteamServerBuddy_hgs3nn2j_wpftmp.csproj]
C:\Users\xyooj\Documents\VS code project folder\SteamServerBuddyCS\SteamServerBuddy\Models\GameSchema.cs(27,23): warning CS8618: Non-nullable property 'Name' must contain a non-null value when exiting constructor. Consider adding the 'required' modifier or declaring the property as nullable. [C:\Users\xyooj\Documents\VS code project folder\SteamServerBuddyCS\SteamServerBuddy\SteamServerBuddy_hgs3nn2j_wpftmp.csproj]
C:\Users\xyooj\Documents\VS code project folder\SteamServerBuddyCS\SteamServerBuddy\Models\GameSchema.cs(30,23): warning CS8618: Non-nullable property 'Path' must contain a non-null value when exiting constructor. Consider adding the 'required' modifier or declaring the property as nullable. [C:\Users\xyooj\Documents\VS code project folder\SteamServerBuddyCS\SteamServerBuddy\SteamServerBuddy_hgs3nn2j_wpftmp.csproj]
C:\Users\xyooj\Documents\VS code project folder\SteamServerBuddyCS\SteamServerBuddy\Models\GameSchema.cs(33,23): warning CS8618: Non-nullable property 'Format' must contain a non-null value when exiting constructor. Consider adding the 'required' modifier or declaring the property as nullable. [C:\Users\xyooj\Documents\VS code project folder\SteamServerBuddyCS\SteamServerBuddy\SteamServerBuddy_hgs3nn2j_wpftmp.csproj]
C:\Users\xyooj\Documents\VS code project folder\SteamServerBuddyCS\SteamServerBuddy\Models\GameSchema.cs(36,23): warning CS8618: Non-nullable property 'Description' must contain a non-null value when exiting constructor. Consider adding the 'required' modifier or declaring the property as nullable. [C:\Users\xyooj\Documents\VS code project folder\SteamServerBuddyCS\SteamServerBuddy\SteamServerBuddy_hgs3nn2j_wpftmp.csproj]
C:\Users\xyooj\Documents\VS code project folder\SteamServerBuddyCS\SteamServerBuddy\Models\GameSchema.cs(39,38): warning CS8618: Non-nullable property 'Fields' must contain a non-null value when exiting constructor. Consider adding the 'required' modifier or declaring the property as nullable. [C:\Users\xyooj\Documents\VS code project folder\SteamServerBuddyCS\SteamServerBuddy\SteamServerBuddy_hgs3nn2j_wpftmp.csproj]
C:\Users\xyooj\Documents\VS code project folder\SteamServerBuddyCS\SteamServerBuddy\Services\AppSettingsService.cs(19,16): warning CS8618: Non-nullable field '_settings' must contain a non-null value when exiting constructor. Consider adding the 'required' modifier or declaring the field as nullable. [C:\Users\xyooj\Documents\VS code project folder\SteamServerBuddyCS\SteamServerBuddy\SteamServerBuddy_hgs3nn2j_wpftmp.csproj]
C:\Users\xyooj\Documents\VS code project folder\SteamServerBuddyCS\SteamServerBuddy\Models\GameSchema.cs(45,23): warning CS8618: Non-nullable property 'Key' must contain a non-null value when exiting constructor. Consider adding the 'required' modifier or declaring the property as nullable. [C:\Users\xyooj\Documents\VS code project folder\SteamServerBuddyCS\SteamServerBuddy\SteamServerBuddy_hgs3nn2j_wpftmp.csproj]
C:\Users\xyooj\Documents\VS code project folder\SteamServerBuddyCS\SteamServerBuddy\Models\GameSchema.cs(48,23): warning CS8618: Non-nullable property 'Label' must contain a non-null value when exiting constructor. Consider adding the 'required' modifier or declaring the property as nullable. [C:\Users\xyooj\Documents\VS code project folder\SteamServerBuddyCS\SteamServerBuddy\SteamServerBuddy_hgs3nn2j_wpftmp.csproj]
C:\Users\xyooj\Documents\VS code project folder\SteamServerBuddyCS\SteamServerBuddy\Models\GameSchema.cs(51,23): warning CS8618: Non-nullable property 'Type' must contain a non-null value when exiting constructor. Consider adding the 'required' modifier or declaring the property as nullable. [C:\Users\xyooj\Documents\VS code project folder\SteamServerBuddyCS\SteamServerBuddy\SteamServerBuddy_hgs3nn2j_wpftmp.csproj]
C:\Users\xyooj\Documents\VS code project folder\SteamServerBuddyCS\SteamServerBuddy\Models\GameSchema.cs(57,23): warning CS8618: Non-nullable property 'Description' must contain a non-null value when exiting constructor. Consider adding the 'required' modifier or declaring the property as nullable. [C:\Users\xyooj\Documents\VS code project folder\SteamServerBuddyCS\SteamServerBuddy\SteamServerBuddy_hgs3nn2j_wpftmp.csproj]
C:\Users\xyooj\Documents\VS code project folder\SteamServerBuddyCS\SteamServerBuddy\Models\GameSchema.cs(60,23): warning CS8618: Non-nullable property 'Default' must contain a non-null value when exiting constructor. Consider adding the 'required' modifier or declaring the property as nullable. [C:\Users\xyooj\Documents\VS code project folder\SteamServerBuddyCS\SteamServerBuddy\SteamServerBuddy_hgs3nn2j_wpftmp.csproj]
C:\Users\xyooj\Documents\VS code project folder\SteamServerBuddyCS\SteamServerBuddy\Models\GameSchema.cs(63,29): warning CS8618: Non-nullable property 'Options' must contain a non-null value when exiting constructor. Consider adding the 'required' modifier or declaring the property as nullable. [C:\Users\xyooj\Documents\VS code project folder\SteamServerBuddyCS\SteamServerBuddy\SteamServerBuddy_hgs3nn2j_wpftmp.csproj]
C:\Users\xyooj\Documents\VS code project folder\SteamServerBuddyCS\SteamServerBuddy\Converters\SettingsTemplateSelector.cs(9,29): warning CS8618: Non-nullable property 'TextTemplate' must contain a non-null value when exiting constructor. Consider adding the 'required' modifier or declaring the property as nullable. [C:\Users\xyooj\Documents\VS code project folder\SteamServerBuddyCS\SteamServerBuddy\SteamServerBuddy_hgs3nn2j_wpftmp.csproj]
C:\Users\xyooj\Documents\VS code project folder\SteamServerBuddyCS\SteamServerBuddy\Converters\SettingsTemplateSelector.cs(10,29): warning CS8618: Non-nullable property 'NumberTemplate' must contain a non-null value when exiting constructor. Consider adding the 'required' modifier or declaring the property as nullable. [C:\Users\xyooj\Documents\VS code project folder\SteamServerBuddyCS\SteamServerBuddy\SteamServerBuddy_hgs3nn2j_wpftmp.csproj]
C:\Users\xyooj\Documents\VS code project folder\SteamServerBuddyCS\SteamServerBuddy\Converters\SettingsTemplateSelector.cs(11,29): warning CS8618: Non-nullable property 'SelectFieldTemplate' must contain a non-null value when exiting constructor. Consider adding the 'required' modifier or declaring the property as nullable. [C:\Users\xyooj\Documents\VS code project folder\SteamServerBuddyCS\SteamServerBuddy\SteamServerBuddy_hgs3nn2j_wpftmp.csproj]
C:\Users\xyooj\Documents\VS code project folder\SteamServerBuddyCS\SteamServerBuddy\Converters\SettingsTemplateSelector.cs(12,29): warning CS8618: Non-nullable property 'ToggleTemplate' must contain a non-null value when exiting constructor. Consider adding the 'required' modifier or declaring the property as nullable. [C:\Users\xyooj\Documents\VS code project folder\SteamServerBuddyCS\SteamServerBuddy\SteamServerBuddy_hgs3nn2j_wpftmp.csproj]
C:\Users\xyooj\Documents\VS code project folder\SteamServerBuddyCS\SteamServerBuddy\Models\ServerInfo.cs(9,23): warning CS8618: Non-nullable property 'AppId' must contain a non-null value when exiting constructor. Consider adding the 'required' modifier or declaring the property as nullable. [C:\Users\xyooj\Documents\VS code project folder\SteamServerBuddyCS\SteamServerBuddy\SteamServerBuddy_hgs3nn2j_wpftmp.csproj]
C:\Users\xyooj\Documents\VS code project folder\SteamServerBuddyCS\SteamServerBuddy\Models\ServerInfo.cs(12,23): warning CS8618: Non-nullable property 'Name' must contain a non-null value when exiting constructor. Consider adding the 'required' modifier or declaring the property as nullable. [C:\Users\xyooj\Documents\VS code project folder\SteamServerBuddyCS\SteamServerBuddy\SteamServerBuddy_hgs3nn2j_wpftmp.csproj]
C:\Users\xyooj\Documents\VS code project folder\SteamServerBuddyCS\SteamServerBuddy\Models\ServerInfo.cs(15,23): warning CS8618: Non-nullable property 'InstallPath' must contain a non-null value when exiting constructor. Consider adding the 'required' modifier or declaring the property as nullable. [C:\Users\xyooj\Documents\VS code project folder\SteamServerBuddyCS\SteamServerBuddy\SteamServerBuddy_hgs3nn2j_wpftmp.csproj]
C:\Users\xyooj\Documents\VS code project folder\SteamServerBuddyCS\SteamServerBuddy\Models\ServerInfo.cs(30,23): warning CS8618: Non-nullable property 'DiscordWebhookUrl' must contain a non-null value when exiting constructor. Consider adding the 'required' modifier or declaring the property as nullable. [C:\Users\xyooj\Documents\VS code project folder\SteamServerBuddyCS\SteamServerBuddy\SteamServerBuddy_hgs3nn2j_wpftmp.csproj]
C:\Users\xyooj\Documents\VS code project folder\SteamServerBuddyCS\SteamServerBuddy\Models\ServerInfo.cs(36,23): warning CS8618: Non-nullable property 'WorkshopAppId' must contain a non-null value when exiting constructor. Consider adding the 'required' modifier or declaring the property as nullable. [C:\Users\xyooj\Documents\VS code project folder\SteamServerBuddyCS\SteamServerBuddy\SteamServerBuddy_hgs3nn2j_wpftmp.csproj]
C:\Users\xyooj\Documents\VS code project folder\SteamServerBuddyCS\SteamServerBuddy\Services\LogTailService.cs(30,20): warning CS8625: Cannot convert null literal to non-nullable reference type. [C:\Users\xyooj\Documents\VS code project folder\SteamServerBuddyCS\SteamServerBuddy\SteamServerBuddy_hgs3nn2j_wpftmp.csproj]
C:\Users\xyooj\Documents\VS code project folder\SteamServerBuddyCS\SteamServerBuddy\ViewModels\DashboardViewModel.cs(279,16): warning CS8618: Non-nullable field '_runningTime' must contain a non-null value when exiting constructor. Consider adding the 'required' modifier or declaring the field as nullable. [C:\Users\xyooj\Documents\VS code project folder\SteamServerBuddyCS\SteamServerBuddy\SteamServerBuddy_hgs3nn2j_wpftmp.csproj]
C:\Users\xyooj\Documents\VS code project folder\SteamServerBuddyCS\SteamServerBuddy\ViewModels\ConsoleViewModel.cs(26,16): warning CS8618: Non-nullable field '_serverName' must contain a non-null value when exiting constructor. Consider adding the 'required' modifier or declaring the field as nullable. [C:\Users\xyooj\Documents\VS code project folder\SteamServerBuddyCS\SteamServerBuddy\SteamServerBuddy_hgs3nn2j_wpftmp.csproj]
C:\Users\xyooj\Documents\VS code project folder\SteamServerBuddyCS\SteamServerBuddy\Services\WorkshopService.cs(13,23): warning CS8618: Non-nullable property 'PublishedFileId' must contain a non-null value when exiting constructor. Consider adding the 'required' modifier or declaring the property as nullable. [C:\Users\xyooj\Documents\VS code project folder\SteamServerBuddyCS\SteamServerBuddy\SteamServerBuddy_hgs3nn2j_wpftmp.csproj]
C:\Users\xyooj\Documents\VS code project folder\SteamServerBuddyCS\SteamServerBuddy\Services\WorkshopService.cs(14,23): warning CS8618: Non-nullable property 'Title' must contain a non-null value when exiting constructor. Consider adding the 'required' modifier or declaring the property as nullable. [C:\Users\xyooj\Documents\VS code project folder\SteamServerBuddyCS\SteamServerBuddy\SteamServerBuddy_hgs3nn2j_wpftmp.csproj]
C:\Users\xyooj\Documents\VS code project folder\SteamServerBuddyCS\SteamServerBuddy\Services\WorkshopService.cs(15,23): warning CS8618: Non-nullable property 'PreviewUrl' must contain a non-null value when exiting constructor. Consider adding the 'required' modifier or declaring the property as nullable. [C:\Users\xyooj\Documents\VS code project folder\SteamServerBuddyCS\SteamServerBuddy\SteamServerBuddy_hgs3nn2j_wpftmp.csproj]
C:\Users\xyooj\Documents\VS code project folder\SteamServerBuddyCS\SteamServerBuddy\Services\WorkshopService.cs(16,23): warning CS8618: Non-nullable property 'Author' must contain a non-null value when exiting constructor. Consider adding the 'required' modifier or declaring the property as nullable. [C:\Users\xyooj\Documents\VS code project folder\SteamServerBuddyCS\SteamServerBuddy\SteamServerBuddy_hgs3nn2j_wpftmp.csproj]
C:\Users\xyooj\Documents\VS code project folder\SteamServerBuddyCS\SteamServerBuddy\Services\WorkshopService.cs(17,23): warning CS8618: Non-nullable property 'Description' must contain a non-null value when exiting constructor. Consider adding the 'required' modifier or declaring the property as nullable. [C:\Users\xyooj\Documents\VS code project folder\SteamServerBuddyCS\SteamServerBuddy\SteamServerBuddy_hgs3nn2j_wpftmp.csproj]
C:\Users\xyooj\Documents\VS code project folder\SteamServerBuddyCS\SteamServerBuddy\Services\SystemMonitorService.cs(269,23): warning CS8618: Non-nullable property 'ProcessName' must contain a non-null value when exiting constructor. Consider adding the 'required' modifier or declaring the property as nullable. [C:\Users\xyooj\Documents\VS code project folder\SteamServerBuddyCS\SteamServerBuddy\SteamServerBuddy_hgs3nn2j_wpftmp.csproj]
C:\Users\xyooj\Documents\VS code project folder\SteamServerBuddyCS\SteamServerBuddy\Services\SystemMonitorService.cs(276,23): warning CS8618: Non-nullable property 'RunningTime' must contain a non-null value when exiting constructor. Consider adding the 'required' modifier or declaring the property as nullable. [C:\Users\xyooj\Documents\VS code project folder\SteamServerBuddyCS\SteamServerBuddy\SteamServerBuddy_hgs3nn2j_wpftmp.csproj]
C:\Users\xyooj\Documents\VS code project folder\SteamServerBuddyCS\SteamServerBuddy\Services\SystemMonitorService.cs(23,16): warning CS8618: Non-nullable field '_cpuCounter' must contain a non-null value when exiting constructor. Consider adding the 'required' modifier or declaring the field as nullable. [C:\Users\xyooj\Documents\VS code project folder\SteamServerBuddyCS\SteamServerBuddy\SteamServerBuddy_hgs3nn2j_wpftmp.csproj]
C:\Users\xyooj\Documents\VS code project folder\SteamServerBuddyCS\SteamServerBuddy\Services\SystemMonitorService.cs(23,16): warning CS8618: Non-nullable field '_ramCounter' must contain a non-null value when exiting constructor. Consider adding the 'required' modifier or declaring the field as nullable. [C:\Users\xyooj\Documents\VS code project folder\SteamServerBuddyCS\SteamServerBuddy\SteamServerBuddy_hgs3nn2j_wpftmp.csproj]
C:\Users\xyooj\Documents\VS code project folder\SteamServerBuddyCS\SteamServerBuddy\Services\ConfigService.cs(91,24): warning CS8603: Possible null reference return. [C:\Users\xyooj\Documents\VS code project folder\SteamServerBuddyCS\SteamServerBuddy\SteamServerBuddy_hgs3nn2j_wpftmp.csproj]
C:\Users\xyooj\Documents\VS code project folder\SteamServerBuddyCS\SteamServerBuddy\Services\ConfigService.cs(99,24): warning CS8603: Possible null reference return. [C:\Users\xyooj\Documents\VS code project folder\SteamServerBuddyCS\SteamServerBuddy\SteamServerBuddy_hgs3nn2j_wpftmp.csproj]
C:\Users\xyooj\Documents\VS code project folder\SteamServerBuddyCS\SteamServerBuddy\Services\ConfigService.cs(108,20): warning CS8603: Possible null reference return. [C:\Users\xyooj\Documents\VS code project folder\SteamServerBuddyCS\SteamServerBuddy\SteamServerBuddy_hgs3nn2j_wpftmp.csproj]
C:\Users\xyooj\Documents\VS code project folder\SteamServerBuddyCS\SteamServerBuddy\Services\SteamCMDService.cs(50,20): warning CS8603: Possible null reference return. [C:\Users\xyooj\Documents\VS code project folder\SteamServerBuddyCS\SteamServerBuddy\SteamServerBuddy_hgs3nn2j_wpftmp.csproj]
C:\Users\xyooj\Documents\VS code project folder\SteamServerBuddyCS\SteamServerBuddy\ViewModels\ServerDetailViewModel.cs(74,16): warning CS8618: Non-nullable field '_searchQuery' must contain a non-null value when exiting constructor. Consider adding the 'required' modifier or declaring the field as nullable. [C:\Users\xyooj\Documents\VS code project folder\SteamServerBuddyCS\SteamServerBuddy\SteamServerBuddy_hgs3nn2j_wpftmp.csproj]
C:\Users\xyooj\Documents\VS code project folder\SteamServerBuddyCS\SteamServerBuddy\ViewModels\ServerDetailViewModel.cs(74,16): warning CS8618: Non-nullable field '_serverName' must contain a non-null value when exiting constructor. Consider adding the 'required' modifier or declaring the field as nullable. [C:\Users\xyooj\Documents\VS code project folder\SteamServerBuddyCS\SteamServerBuddy\SteamServerBuddy_hgs3nn2j_wpftmp.csproj]
C:\Users\xyooj\Documents\VS code project folder\SteamServerBuddyCS\SteamServerBuddy\ViewModels\ServerDetailViewModel.cs(74,16): warning CS8618: Non-nullable field '_appId' must contain a non-null value when exiting constructor. Consider adding the 'required' modifier or declaring the field as nullable. [C:\Users\xyooj\Documents\VS code project folder\SteamServerBuddyCS\SteamServerBuddy\SteamServerBuddy_hgs3nn2j_wpftmp.csproj]
C:\Users\xyooj\Documents\VS code project folder\SteamServerBuddyCS\SteamServerBuddy\ViewModels\ServerDetailViewModel.cs(74,16): warning CS8618: Non-nullable field '_currentServer' must contain a non-null value when exiting constructor. Consider adding the 'required' modifier or declaring the field as nullable. [C:\Users\xyooj\Documents\VS code project folder\SteamServerBuddyCS\SteamServerBuddy\SteamServerBuddy_hgs3nn2j_wpftmp.csproj]
C:\Users\xyooj\Documents\VS code project folder\SteamServerBuddyCS\SteamServerBuddy\ViewModels\SettingsViewModel.cs(38,78): warning CS8622: Nullability of reference types in type of parameter 'group' of 'void SettingsViewModel.OpenFileLocation(ConfigGroupViewModel group)' doesn't match the target delegate 'Action<ConfigGroupViewModel?>' (possibly because of nullability attributes). [C:\Users\xyooj\Documents\VS code project folder\SteamServerBuddyCS\SteamServerBuddy\SteamServerBuddy_hgs3nn2j_wpftmp.csproj]
C:\Users\xyooj\Documents\VS code project folder\SteamServerBuddyCS\SteamServerBuddy\ViewModels\SettingsViewModel.cs(39,75): warning CS8622: Nullability of reference types in type of parameter 'group' of 'void SettingsViewModel.OpenInNotepad(ConfigGroupViewModel group)' doesn't match the target delegate 'Action<ConfigGroupViewModel?>' (possibly because of nullability attributes). [C:\Users\xyooj\Documents\VS code project folder\SteamServerBuddyCS\SteamServerBuddy\SteamServerBuddy_hgs3nn2j_wpftmp.csproj]
C:\Users\xyooj\Documents\VS code project folder\SteamServerBuddyCS\SteamServerBuddy\ViewModels\SettingsViewModel.cs(34,16): warning CS8618: Non-nullable field '_serverName' must contain a non-null value when exiting constructor. Consider adding the 'required' modifier or declaring the field as nullable. [C:\Users\xyooj\Documents\VS code project folder\SteamServerBuddyCS\SteamServerBuddy\SteamServerBuddy_hgs3nn2j_wpftmp.csproj]
C:\Users\xyooj\Documents\VS code project folder\SteamServerBuddyCS\SteamServerBuddy\ViewModels\SettingsViewModel.cs(34,16): warning CS8618: Non-nullable field '_appId' must contain a non-null value when exiting constructor. Consider adding the 'required' modifier or declaring the field as nullable. [C:\Users\xyooj\Documents\VS code project folder\SteamServerBuddyCS\SteamServerBuddy\SteamServerBuddy_hgs3nn2j_wpftmp.csproj]
C:\Users\xyooj\Documents\VS code project folder\SteamServerBuddyCS\SteamServerBuddy\ViewModels\SettingsViewModel.cs(34,16): warning CS8618: Non-nullable field '_statusMessage' must contain a non-null value when exiting constructor. Consider adding the 'required' modifier or declaring the field as nullable. [C:\Users\xyooj\Documents\VS code project folder\SteamServerBuddyCS\SteamServerBuddy\SteamServerBuddy_hgs3nn2j_wpftmp.csproj]
C:\Users\xyooj\Documents\VS code project folder\SteamServerBuddyCS\SteamServerBuddy\ViewModels\SettingsViewModel.cs(34,16): warning CS8618: Non-nullable field '_schema' must contain a non-null value when exiting constructor. Consider adding the 'required' modifier or declaring the field as nullable. [C:\Users\xyooj\Documents\VS code project folder\SteamServerBuddyCS\SteamServerBuddy\SteamServerBuddy_hgs3nn2j_wpftmp.csproj]
C:\Users\xyooj\Documents\VS code project folder\SteamServerBuddyCS\SteamServerBuddy\ViewModels\SettingsViewModel.cs(34,16): warning CS8618: Non-nullable field '_serverPath' must contain a non-null value when exiting constructor. Consider adding the 'required' modifier or declaring the field as nullable. [C:\Users\xyooj\Documents\VS code project folder\SteamServerBuddyCS\SteamServerBuddy\SteamServerBuddy_hgs3nn2j_wpftmp.csproj]
C:\Users\xyooj\Documents\VS code project folder\SteamServerBuddyCS\SteamServerBuddy\Services\WorkshopService.cs(43,47): warning CS8601: Possible null reference assignment. [C:\Users\xyooj\Documents\VS code project folder\SteamServerBuddyCS\SteamServerBuddy\SteamServerBuddy_hgs3nn2j_wpftmp.csproj]
C:\Users\xyooj\Documents\VS code project folder\SteamServerBuddyCS\SteamServerBuddy\Services\WorkshopService.cs(44,37): warning CS8601: Possible null reference assignment. [C:\Users\xyooj\Documents\VS code project folder\SteamServerBuddyCS\SteamServerBuddy\SteamServerBuddy_hgs3nn2j_wpftmp.csproj]
C:\Users\xyooj\Documents\VS code project folder\SteamServerBuddyCS\SteamServerBuddy\Services\WorkshopService.cs(45,42): warning CS8601: Possible null reference assignment. [C:\Users\xyooj\Documents\VS code project folder\SteamServerBuddyCS\SteamServerBuddy\SteamServerBuddy_hgs3nn2j_wpftmp.csproj]
C:\Users\xyooj\Documents\VS code project folder\SteamServerBuddyCS\SteamServerBuddy\ViewModels\ServerDetailViewModel.cs(106,13): warning CS4014: Because this call is not awaited, execution of the current method continues before the call is completed. Consider applying the 'await' operator to the result of the call. [C:\Users\xyooj\Documents\VS code project folder\SteamServerBuddyCS\SteamServerBuddy\SteamServerBuddy_hgs3nn2j_wpftmp.csproj]
C:\Users\xyooj\Documents\VS code project folder\SteamServerBuddyCS\SteamServerBuddy\ViewModels\ServerDetailViewModel.cs(108,13): warning CS4014: Because this call is not awaited, execution of the current method continues before the call is completed. Consider applying the 'await' operator to the result of the call. [C:\Users\xyooj\Documents\VS code project folder\SteamServerBuddyCS\SteamServerBuddy\SteamServerBuddy_hgs3nn2j_wpftmp.csproj]
C:\Users\xyooj\Documents\VS code project folder\SteamServerBuddyCS\SteamServerBuddy\ViewModels\ServerDetailViewModel.cs(109,13): warning CS4014: Because this call is not awaited, execution of the current method continues before the call is completed. Consider applying the 'await' operator to the result of the call. [C:\Users\xyooj\Documents\VS code project folder\SteamServerBuddyCS\SteamServerBuddy\SteamServerBuddy_hgs3nn2j_wpftmp.csproj]
C:\Users\xyooj\Documents\VS code project folder\SteamServerBuddyCS\SteamServerBuddy\ViewModels\SettingsViewModel.cs(147,23): warning CS8618: Non-nullable property 'FileName' must contain a non-null value when exiting constructor. Consider adding the 'required' modifier or declaring the property as nullable. [C:\Users\xyooj\Documents\VS code project folder\SteamServerBuddyCS\SteamServerBuddy\SteamServerBuddy_hgs3nn2j_wpftmp.csproj]
C:\Users\xyooj\Documents\VS code project folder\SteamServerBuddyCS\SteamServerBuddy\ViewModels\SettingsViewModel.cs(148,23): warning CS8618: Non-nullable property 'FullPath' must contain a non-null value when exiting constructor. Consider adding the 'required' modifier or declaring the property as nullable. [C:\Users\xyooj\Documents\VS code project folder\SteamServerBuddyCS\SteamServerBuddy\SteamServerBuddy_hgs3nn2j_wpftmp.csproj]
C:\Users\xyooj\Documents\VS code project folder\SteamServerBuddyCS\SteamServerBuddy\Services\BackupService.cs(12,23): warning CS8618: Non-nullable property 'Name' must contain a non-null value when exiting constructor. Consider adding the 'required' modifier or declaring the property as nullable. [C:\Users\xyooj\Documents\VS code project folder\SteamServerBuddyCS\SteamServerBuddy\SteamServerBuddy_hgs3nn2j_wpftmp.csproj]
C:\Users\xyooj\Documents\VS code project folder\SteamServerBuddyCS\SteamServerBuddy\Services\BackupService.cs(13,23): warning CS8618: Non-nullable property 'FullPath' must contain a non-null value when exiting constructor. Consider adding the 'required' modifier or declaring the property as nullable. [C:\Users\xyooj\Documents\VS code project folder\SteamServerBuddyCS\SteamServerBuddy\SteamServerBuddy_hgs3nn2j_wpftmp.csproj]
C:\Users\xyooj\Documents\VS code project folder\SteamServerBuddyCS\SteamServerBuddy\Services\LogTailService.cs(11,24): warning CS8618: Non-nullable field '_filePath' must contain a non-null value when exiting constructor. Consider adding the 'required' modifier or declaring the field as nullable. [C:\Users\xyooj\Documents\VS code project folder\SteamServerBuddyCS\SteamServerBuddy\SteamServerBuddy_hgs3nn2j_wpftmp.csproj]
C:\Users\xyooj\Documents\VS code project folder\SteamServerBuddyCS\SteamServerBuddy\Services\LogTailService.cs(12,32): warning CS8618: Non-nullable field '_onLine' must contain a non-null value when exiting constructor. Consider adding the 'required' modifier or declaring the field as nullable. [C:\Users\xyooj\Documents\VS code project folder\SteamServerBuddyCS\SteamServerBuddy\SteamServerBuddy_hgs3nn2j_wpftmp.csproj]
C:\Users\xyooj\Documents\VS code project folder\SteamServerBuddyCS\SteamServerBuddy\Services\LogTailService.cs(13,41): warning CS8618: Non-nullable field '_cts' must contain a non-null value when exiting constructor. Consider adding the 'required' modifier or declaring the field as nullable. [C:\Users\xyooj\Documents\VS code project folder\SteamServerBuddyCS\SteamServerBuddy\SteamServerBuddy_hgs3nn2j_wpftmp.csproj]
C:\Users\xyooj\Documents\VS code project folder\SteamServerBuddyCS\SteamServerBuddy\ViewModels\SettingsViewModel.cs(239,30): warning CS8601: Possible null reference assignment. [C:\Users\xyooj\Documents\VS code project folder\SteamServerBuddyCS\SteamServerBuddy\SteamServerBuddy_hgs3nn2j_wpftmp.csproj]
C:\Users\xyooj\Documents\VS code project folder\SteamServerBuddyCS\SteamServerBuddy\ViewModels\SettingsViewModel.cs(168,16): warning CS8618: Non-nullable property 'Options' must contain a non-null value when exiting constructor. Consider adding the 'required' modifier or declaring the property as nullable. [C:\Users\xyooj\Documents\VS code project folder\SteamServerBuddyCS\SteamServerBuddy\SteamServerBuddy_hgs3nn2j_wpftmp.csproj]
C:\Users\xyooj\Documents\VS code project folder\SteamServerBuddyCS\SteamServerBuddy\ViewModels\SettingsViewModel.cs(168,16): warning CS8618: Non-nullable field '_value' must contain a non-null value when exiting constructor. Consider adding the 'required' modifier or declaring the field as nullable. [C:\Users\xyooj\Documents\VS code project folder\SteamServerBuddyCS\SteamServerBuddy\SteamServerBuddy_hgs3nn2j_wpftmp.csproj]
C:\Users\xyooj\Documents\VS code project folder\SteamServerBuddyCS\SteamServerBuddy\ViewModels\ServersViewModel.cs(200,59): warning CS8603: Possible null reference return. [C:\Users\xyooj\Documents\VS code project folder\SteamServerBuddyCS\SteamServerBuddy\SteamServerBuddy_hgs3nn2j_wpftmp.csproj]
C:\Users\xyooj\Documents\VS code project folder\SteamServerBuddyCS\SteamServerBuddy\ViewModels\ServersViewModel.cs(207,21): warning CS8603: Possible null reference return. [C:\Users\xyooj\Documents\VS code project folder\SteamServerBuddyCS\SteamServerBuddy\SteamServerBuddy_hgs3nn2j_wpftmp.csproj]
C:\Users\xyooj\Documents\VS code project folder\SteamServerBuddyCS\SteamServerBuddy\Services\WorkshopService.cs(92,48): warning CS8601: Possible null reference assignment. [C:\Users\xyooj\Documents\VS code project folder\SteamServerBuddyCS\SteamServerBuddy\SteamServerBuddy_hgs3nn2j_wpftmp.csproj]
C:\Users\xyooj\Documents\VS code project folder\SteamServerBuddyCS\SteamServerBuddy\Services\WorkshopService.cs(93,38): warning CS8601: Possible null reference assignment. [C:\Users\xyooj\Documents\VS code project folder\SteamServerBuddyCS\SteamServerBuddy\SteamServerBuddy_hgs3nn2j_wpftmp.csproj]
C:\Users\xyooj\Documents\VS code project folder\SteamServerBuddyCS\SteamServerBuddy\Services\WorkshopService.cs(94,43): warning CS8601: Possible null reference assignment. [C:\Users\xyooj\Documents\VS code project folder\SteamServerBuddyCS\SteamServerBuddy\SteamServerBuddy_hgs3nn2j_wpftmp.csproj]
C:\Users\xyooj\Documents\VS code project folder\SteamServerBuddyCS\SteamServerBuddy\Services\SteamWebAPIService.cs(99,65): warning CS8602: Dereference of a possibly null reference. [C:\Users\xyooj\Documents\VS code project folder\SteamServerBuddyCS\SteamServerBuddy\SteamServerBuddy_hgs3nn2j_wpftmp.csproj]
C:\Users\xyooj\Documents\VS code project folder\SteamServerBuddyCS\SteamServerBuddy\Services\SteamWebAPIService.cs(101,48): warning CS8602: Dereference of a possibly null reference. [C:\Users\xyooj\Documents\VS code project folder\SteamServerBuddyCS\SteamServerBuddy\SteamServerBuddy_hgs3nn2j_wpftmp.csproj]
C:\Users\xyooj\Documents\VS code project folder\SteamServerBuddyCS\SteamServerBuddy\Services\SteamWebAPIService.cs(101,48): warning CS8602: Dereference of a possibly null reference. [C:\Users\xyooj\Documents\VS code project folder\SteamServerBuddyCS\SteamServerBuddy\SteamServerBuddy_hgs3nn2j_wpftmp.csproj]
C:\Users\xyooj\Documents\VS code project folder\SteamServerBuddyCS\SteamServerBuddy\Services\SteamWebAPIService.cs(101,48): warning CS8602: Dereference of a possibly null reference. [C:\Users\xyooj\Documents\VS code project folder\SteamServerBuddyCS\SteamServerBuddy\SteamServerBuddy_hgs3nn2j_wpftmp.csproj]
C:\Users\xyooj\Documents\VS code project folder\SteamServerBuddyCS\SteamServerBuddy\ViewModels\ServerDetailViewModel.cs(175,56): warning CS8603: Possible null reference return. [C:\Users\xyooj\Documents\VS code project folder\SteamServerBuddyCS\SteamServerBuddy\SteamServerBuddy_hgs3nn2j_wpftmp.csproj]
C:\Users\xyooj\Documents\VS code project folder\SteamServerBuddyCS\SteamServerBuddy\ViewModels\ServerDetailViewModel.cs(187,20): warning CS8603: Possible null reference return. [C:\Users\xyooj\Documents\VS code project folder\SteamServerBuddyCS\SteamServerBuddy\SteamServerBuddy_hgs3nn2j_wpftmp.csproj]
C:\Users\xyooj\Documents\VS code project folder\SteamServerBuddyCS\SteamServerBuddy\Services\ProcessManager.cs(213,20): warning CS8603: Possible null reference return. [C:\Users\xyooj\Documents\VS code project folder\SteamServerBuddyCS\SteamServerBuddy\SteamServerBuddy_hgs3nn2j_wpftmp.csproj]
C:\Users\xyooj\Documents\VS code project folder\SteamServerBuddyCS\SteamServerBuddy\ViewModels\DashboardViewModel.cs(201,20): warning CS8603: Possible null reference return. [C:\Users\xyooj\Documents\VS code project folder\SteamServerBuddyCS\SteamServerBuddy\SteamServerBuddy_hgs3nn2j_wpftmp.csproj]
C:\Users\xyooj\Documents\VS code project folder\SteamServerBuddyCS\SteamServerBuddy\Services\SystemMonitorService.cs(98,35): warning CS8600: Converting null literal or possible null value to non-nullable type. [C:\Users\xyooj\Documents\VS code project folder\SteamServerBuddyCS\SteamServerBuddy\SteamServerBuddy_hgs3nn2j_wpftmp.csproj]
C:\Users\xyooj\Documents\VS code project folder\SteamServerBuddyCS\SteamServerBuddy\Services\SystemMonitorService.cs(101,43): warning CS8604: Possible null reference argument for parameter 'driveName' in 'DriveInfo.DriveInfo(string driveName)'. [C:\Users\xyooj\Documents\VS code project folder\SteamServerBuddyCS\SteamServerBuddy\SteamServerBuddy_hgs3nn2j_wpftmp.csproj]
C:\Users\xyooj\Documents\VS code project folder\SteamServerBuddyCS\SteamServerBuddy\Services\SteamCMDService.cs(171,17): warning CS8602: Dereference of a possibly null reference. [C:\Users\xyooj\Documents\VS code project folder\SteamServerBuddyCS\SteamServerBuddy\SteamServerBuddy_hgs3nn2j_wpftmp.csproj]
C:\Users\xyooj\Documents\VS code project folder\SteamServerBuddyCS\SteamServerBuddy\Services\SystemMonitorService.cs(178,24): warning CS8603: Possible null reference return. [C:\Users\xyooj\Documents\VS code project folder\SteamServerBuddyCS\SteamServerBuddy\SteamServerBuddy_hgs3nn2j_wpftmp.csproj]
C:\Users\xyooj\Documents\VS code project folder\SteamServerBuddyCS\SteamServerBuddy\Services\SteamWebAPIService.cs(151,48): warning CS8602: Dereference of a possibly null reference. [C:\Users\xyooj\Documents\VS code project folder\SteamServerBuddyCS\SteamServerBuddy\SteamServerBuddy_hgs3nn2j_wpftmp.csproj]
C:\Users\xyooj\Documents\VS code project folder\SteamServerBuddyCS\SteamServerBuddy\Services\SteamWebAPIService.cs(153,32): warning CS8602: Dereference of a possibly null reference. [C:\Users\xyooj\Documents\VS code project folder\SteamServerBuddyCS\SteamServerBuddy\SteamServerBuddy_hgs3nn2j_wpftmp.csproj]
C:\Users\xyooj\Documents\VS code project folder\SteamServerBuddyCS\SteamServerBuddy\Services\SteamWebAPIService.cs(153,32): warning CS8602: Dereference of a possibly null reference. [C:\Users\xyooj\Documents\VS code project folder\SteamServerBuddyCS\SteamServerBuddy\SteamServerBuddy_hgs3nn2j_wpftmp.csproj]
C:\Users\xyooj\Documents\VS code project folder\SteamServerBuddyCS\SteamServerBuddy\Services\SteamWebAPIService.cs(153,32): warning CS8602: Dereference of a possibly null reference. [C:\Users\xyooj\Documents\VS code project folder\SteamServerBuddyCS\SteamServerBuddy\SteamServerBuddy_hgs3nn2j_wpftmp.csproj]
C:\Users\xyooj\Documents\VS code project folder\SteamServerBuddyCS\SteamServerBuddy\Services\ProcessManager.cs(219,56): warning CS8603: Possible null reference return. [C:\Users\xyooj\Documents\VS code project folder\SteamServerBuddyCS\SteamServerBuddy\SteamServerBuddy_hgs3nn2j_wpftmp.csproj]
C:\Users\xyooj\Documents\VS code project folder\SteamServerBuddyCS\SteamServerBuddy\Services\ProcessManager.cs(231,20): warning CS8603: Possible null reference return. [C:\Users\xyooj\Documents\VS code project folder\SteamServerBuddyCS\SteamServerBuddy\SteamServerBuddy_hgs3nn2j_wpftmp.csproj]
C:\Users\xyooj\Documents\VS code project folder\SteamServerBuddyCS\SteamServerBuddy\Services\SystemMonitorService.cs(184,62): warning CS8603: Possible null reference return. [C:\Users\xyooj\Documents\VS code project folder\SteamServerBuddyCS\SteamServerBuddy\SteamServerBuddy_hgs3nn2j_wpftmp.csproj]
C:\Users\xyooj\Documents\VS code project folder\SteamServerBuddyCS\SteamServerBuddy\Services\SystemMonitorService.cs(224,24): warning CS8603: Possible null reference return. [C:\Users\xyooj\Documents\VS code project folder\SteamServerBuddyCS\SteamServerBuddy\SteamServerBuddy_hgs3nn2j_wpftmp.csproj]
C:\Users\xyooj\Documents\VS code project folder\SteamServerBuddyCS\SteamServerBuddy\Services\SteamWebAPIService.cs(247,56): warning CS8603: Possible null reference return. [C:\Users\xyooj\Documents\VS code project folder\SteamServerBuddyCS\SteamServerBuddy\SteamServerBuddy_hgs3nn2j_wpftmp.csproj]
C:\Users\xyooj\Documents\VS code project folder\SteamServerBuddyCS\SteamServerBuddy\Services\SteamWebAPIService.cs(269,20): warning CS8603: Possible null reference return. [C:\Users\xyooj\Documents\VS code project folder\SteamServerBuddyCS\SteamServerBuddy\SteamServerBuddy_hgs3nn2j_wpftmp.csproj]
C:\Users\xyooj\Documents\VS code project folder\SteamServerBuddyCS\SteamServerBuddy\Services\ConfigService.cs(255,76): warning CS8601: Possible null reference assignment. [C:\Users\xyooj\Documents\VS code project folder\SteamServerBuddyCS\SteamServerBuddy\SteamServerBuddy_hgs3nn2j_wpftmp.csproj]
C:\Users\xyooj\Documents\VS code project folder\SteamServerBuddyCS\SteamServerBuddy\Services\ConfigService.cs(322,83): warning CS8604: Possible null reference argument for parameter 'path' in 'DirectoryInfo Directory.CreateDirectory(string path)'. [C:\Users\xyooj\Documents\VS code project folder\SteamServerBuddyCS\SteamServerBuddy\SteamServerBuddy_hgs3nn2j_wpftmp.csproj]
C:\Users\xyooj\Documents\VS code project folder\SteamServerBuddyCS\SteamServerBuddy\Services\ConfigService.cs(335,41): warning CS8602: Dereference of a possibly null reference. [C:\Users\xyooj\Documents\VS code project folder\SteamServerBuddyCS\SteamServerBuddy\SteamServerBuddy_hgs3nn2j_wpftmp.csproj]
C:\Users\xyooj\Documents\VS code project folder\SteamServerBuddyCS\SteamServerBuddy\Services\ConfigService.cs(339,47): warning CS8600: Converting null literal or possible null value to non-nullable type. [C:\Users\xyooj\Documents\VS code project folder\SteamServerBuddyCS\SteamServerBuddy\SteamServerBuddy_hgs3nn2j_wpftmp.csproj]
C:\Users\xyooj\Documents\VS code project folder\SteamServerBuddyCS\SteamServerBuddy\Services\ConfigService.cs(341,33): warning CS8602: Dereference of a possibly null reference. [C:\Users\xyooj\Documents\VS code project folder\SteamServerBuddyCS\SteamServerBuddy\SteamServerBuddy_hgs3nn2j_wpftmp.csproj]
C:\Users\xyooj\Documents\VS code project folder\SteamServerBuddyCS\SteamServerBuddy\Services\ConfigService.cs(381,83): warning CS8604: Possible null reference argument for parameter 'path' in 'DirectoryInfo Directory.CreateDirectory(string path)'. [C:\Users\xyooj\Documents\VS code project folder\SteamServerBuddyCS\SteamServerBuddy\SteamServerBuddy_hgs3nn2j_wpftmp.csproj]
C:\Users\xyooj\Documents\VS code project folder\SteamServerBuddyCS\SteamServerBuddy\Services\ConfigService.cs(420,83): warning CS8604: Possible null reference argument for parameter 'path' in 'DirectoryInfo Directory.CreateDirectory(string path)'. [C:\Users\xyooj\Documents\VS code project folder\SteamServerBuddyCS\SteamServerBuddy\SteamServerBuddy_hgs3nn2j_wpftmp.csproj]
C:\Users\xyooj\Documents\VS code project folder\SteamServerBuddyCS\SteamServerBuddy\ViewModels\DashboardViewModel.cs(122,61): error CS0117: 'Globals' does not contain a definition for 'Settings' [C:\Users\xyooj\Documents\VS code project folder\SteamServerBuddyCS\SteamServerBuddy\SteamServerBuddy_hgs3nn2j_wpftmp.csproj]
    108 Warning(s)
    1 Error(s)

Time Elapsed 00:00:01.28
