  Determining projects to restore...
  All projects are up-to-date for restore.
C:\Users\xyooj\Documents\VS code project folder\SteamServerBuddyCS\SteamServerBuddy\obj\Debug\net8.0-windows\.NETCoreApp,Version=v8.0.AssemblyAttributes.cs(4,12): error CS0579: Duplicate 'global::System.Runtime.Versioning.TargetFrameworkAttribute' attribute [C:\Users\xyooj\Documents\VS code project folder\SteamServerBuddyCS\SteamServerBuddy\SteamServerBuddy_regqlivp_wpftmp.csproj]
C:\Users\xyooj\Documents\VS code project folder\SteamServerBuddyCS\SteamServerBuddy\obj\Debug\net8.0-windows\SteamServerBuddy_regqlivp_wpftmp.AssemblyInfo.cs(13,12): error CS0579: Duplicate 'System.Reflection.AssemblyCompanyAttribute' attribute [C:\Users\xyooj\Documents\VS code project folder\SteamServerBuddyCS\SteamServerBuddy\SteamServerBuddy_regqlivp_wpftmp.csproj]
C:\Users\xyooj\Documents\VS code project folder\SteamServerBuddyCS\SteamServerBuddy\obj\Debug\net8.0-windows\SteamServerBuddy_regqlivp_wpftmp.AssemblyInfo.cs(14,12): error CS0579: Duplicate 'System.Reflection.AssemblyConfigurationAttribute' attribute [C:\Users\xyooj\Documents\VS code project folder\SteamServerBuddyCS\SteamServerBuddy\SteamServerBuddy_regqlivp_wpftmp.csproj]
C:\Users\xyooj\Documents\VS code project folder\SteamServerBuddyCS\SteamServerBuddy\obj\Debug\net8.0-windows\SteamServerBuddy_regqlivp_wpftmp.AssemblyInfo.cs(15,12): error CS0579: Duplicate 'System.Reflection.AssemblyFileVersionAttribute' attribute [C:\Users\xyooj\Documents\VS code project folder\SteamServerBuddyCS\SteamServerBuddy\SteamServerBuddy_regqlivp_wpftmp.csproj]
C:\Users\xyooj\Documents\VS code project folder\SteamServerBuddyCS\SteamServerBuddy\obj\Debug\net8.0-windows\SteamServerBuddy_regqlivp_wpftmp.AssemblyInfo.cs(16,12): error CS0579: Duplicate 'System.Reflection.AssemblyInformationalVersionAttribute' attribute [C:\Users\xyooj\Documents\VS code project folder\SteamServerBuddyCS\SteamServerBuddy\SteamServerBuddy_regqlivp_wpftmp.csproj]
C:\Users\xyooj\Documents\VS code project folder\SteamServerBuddyCS\SteamServerBuddy\obj\Debug\net8.0-windows\SteamServerBuddy_regqlivp_wpftmp.AssemblyInfo.cs(17,12): error CS0579: Duplicate 'System.Reflection.AssemblyProductAttribute' attribute [C:\Users\xyooj\Documents\VS code project folder\SteamServerBuddyCS\SteamServerBuddy\SteamServerBuddy_regqlivp_wpftmp.csproj]
C:\Users\xyooj\Documents\VS code project folder\SteamServerBuddyCS\SteamServerBuddy\obj\Debug\net8.0-windows\SteamServerBuddy_regqlivp_wpftmp.AssemblyInfo.cs(18,12): error CS0579: Duplicate 'System.Reflection.AssemblyTitleAttribute' attribute [C:\Users\xyooj\Documents\VS code project folder\SteamServerBuddyCS\SteamServerBuddy\SteamServerBuddy_regqlivp_wpftmp.csproj]
C:\Users\xyooj\Documents\VS code project folder\SteamServerBuddyCS\SteamServerBuddy\obj\Debug\net8.0-windows\SteamServerBuddy_regqlivp_wpftmp.AssemblyInfo.cs(19,12): error CS0579: Duplicate 'System.Reflection.AssemblyVersionAttribute' attribute [C:\Users\xyooj\Documents\VS code project folder\SteamServerBuddyCS\SteamServerBuddy\SteamServerBuddy_regqlivp_wpftmp.csproj]
C:\Users\xyooj\Documents\VS code project folder\SteamServerBuddyCS\SteamServerBuddy\Services\NotificationService.cs(13,99): warning CS8625: Cannot convert null literal to non-nullable reference type. [C:\Users\xyooj\Documents\VS code project folder\SteamServerBuddyCS\SteamServerBuddy\SteamServerBuddy_regqlivp_wpftmp.csproj]
C:\Users\xyooj\Documents\VS code project folder\SteamServerBuddyCS\SteamServerBuddy\Services\ConfigService.cs(85,89): warning CS8625: Cannot convert null literal to non-nullable reference type. [C:\Users\xyooj\Documents\VS code project folder\SteamServerBuddyCS\SteamServerBuddy\SteamServerBuddy_regqlivp_wpftmp.csproj]
C:\Users\xyooj\Documents\VS code project folder\SteamServerBuddyCS\SteamServerBuddy\Services\SystemMonitorService.cs(90,119): warning CS8625: Cannot convert null literal to non-nullable reference type. [C:\Users\xyooj\Documents\VS code project folder\SteamServerBuddyCS\SteamServerBuddy\SteamServerBuddy_regqlivp_wpftmp.csproj]

Build FAILED.

C:\Users\xyooj\Documents\VS code project folder\SteamServerBuddyCS\SteamServerBuddy\Services\NotificationService.cs(13,99): warning CS8625: Cannot convert null literal to non-nullable reference type. [C:\Users\xyooj\Documents\VS code project folder\SteamServerBuddyCS\SteamServerBuddy\SteamServerBuddy_regqlivp_wpftmp.csproj]
C:\Users\xyooj\Documents\VS code project folder\SteamServerBuddyCS\SteamServerBuddy\Services\ConfigService.cs(85,89): warning CS8625: Cannot convert null literal to non-nullable reference type. [C:\Users\xyooj\Documents\VS code project folder\SteamServerBuddyCS\SteamServerBuddy\SteamServerBuddy_regqlivp_wpftmp.csproj]
C:\Users\xyooj\Documents\VS code project folder\SteamServerBuddyCS\SteamServerBuddy\Services\SystemMonitorService.cs(90,119): warning CS8625: Cannot convert null literal to non-nullable reference type. [C:\Users\xyooj\Documents\VS code project folder\SteamServerBuddyCS\SteamServerBuddy\SteamServerBuddy_regqlivp_wpftmp.csproj]
C:\Users\xyooj\Documents\VS code project folder\SteamServerBuddyCS\SteamServerBuddy\obj\Debug\net8.0-windows\.NETCoreApp,Version=v8.0.AssemblyAttributes.cs(4,12): error CS0579: Duplicate 'global::System.Runtime.Versioning.TargetFrameworkAttribute' attribute [C:\Users\xyooj\Documents\VS code project folder\SteamServerBuddyCS\SteamServerBuddy\SteamServerBuddy_regqlivp_wpftmp.csproj]
C:\Users\xyooj\Documents\VS code project folder\SteamServerBuddyCS\SteamServerBuddy\obj\Debug\net8.0-windows\SteamServerBuddy_regqlivp_wpftmp.AssemblyInfo.cs(13,12): error CS0579: Duplicate 'System.Reflection.AssemblyCompanyAttribute' attribute [C:\Users\xyooj\Documents\VS code project folder\SteamServerBuddyCS\SteamServerBuddy\SteamServerBuddy_regqlivp_wpftmp.csproj]
C:\Users\xyooj\Documents\VS code project folder\SteamServerBuddyCS\SteamServerBuddy\obj\Debug\net8.0-windows\SteamServerBuddy_regqlivp_wpftmp.AssemblyInfo.cs(14,12): error CS0579: Duplicate 'System.Reflection.AssemblyConfigurationAttribute' attribute [C:\Users\xyooj\Documents\VS code project folder\SteamServerBuddyCS\SteamServerBuddy\SteamServerBuddy_regqlivp_wpftmp.csproj]
C:\Users\xyooj\Documents\VS code project folder\SteamServerBuddyCS\SteamServerBuddy\obj\Debug\net8.0-windows\SteamServerBuddy_regqlivp_wpftmp.AssemblyInfo.cs(15,12): error CS0579: Duplicate 'System.Reflection.AssemblyFileVersionAttribute' attribute [C:\Users\xyooj\Documents\VS code project folder\SteamServerBuddyCS\SteamServerBuddy\SteamServerBuddy_regqlivp_wpftmp.csproj]
C:\Users\xyooj\Documents\VS code project folder\SteamServerBuddyCS\SteamServerBuddy\obj\Debug\net8.0-windows\SteamServerBuddy_regqlivp_wpftmp.AssemblyInfo.cs(16,12): error CS0579: Duplicate 'System.Reflection.AssemblyInformationalVersionAttribute' attribute [C:\Users\xyooj\Documents\VS code project folder\SteamServerBuddyCS\SteamServerBuddy\SteamServerBuddy_regqlivp_wpftmp.csproj]
C:\Users\xyooj\Documents\VS code project folder\SteamServerBuddyCS\SteamServerBuddy\obj\Debug\net8.0-windows\SteamServerBuddy_regqlivp_wpftmp.AssemblyInfo.cs(17,12): error CS0579: Duplicate 'System.Reflection.AssemblyProductAttribute' attribute [C:\Users\xyooj\Documents\VS code project folder\SteamServerBuddyCS\SteamServerBuddy\SteamServerBuddy_regqlivp_wpftmp.csproj]
C:\Users\xyooj\Documents\VS code project folder\SteamServerBuddyCS\SteamServerBuddy\obj\Debug\net8.0-windows\SteamServerBuddy_regqlivp_wpftmp.AssemblyInfo.cs(18,12): error CS0579: Duplicate 'System.Reflection.AssemblyTitleAttribute' attribute [C:\Users\xyooj\Documents\VS code project folder\SteamServerBuddyCS\SteamServerBuddy\SteamServerBuddy_regqlivp_wpftmp.csproj]
C:\Users\xyooj\Documents\VS code project folder\SteamServerBuddyCS\SteamServerBuddy\obj\Debug\net8.0-windows\SteamServerBuddy_regqlivp_wpftmp.AssemblyInfo.cs(19,12): error CS0579: Duplicate 'System.Reflection.AssemblyVersionAttribute' attribute [C:\Users\xyooj\Documents\VS code project folder\SteamServerBuddyCS\SteamServerBuddy\SteamServerBuddy_regqlivp_wpftmp.csproj]
    3 Warning(s)
    8 Error(s)

Time Elapsed 00:00:01.07
